{"level": "warning", "msg": "set_data", "asctime": "2025-07-17 17:26:04.689+00:00"}
{"level": "error", "msg": "set_data", "asctime": "2025-07-17 17:26:05.695+00:00"}
{"level": "error", "msg": "update_data", "asctime": "2025-07-17 17:26:06.696+00:00"}
{"level": "error", "msg": "update_data", "asctime": "2025-07-17 17:26:07.696+00:00"}
{"level": "warning", "msg": "update_data", "asctime": "2025-07-17 17:26:08.696+00:00"}
{"level": "info", "msg": "get_data", "asctime": "2025-07-17 17:26:09.696+00:00"}
{"level": "error", "msg": "get_data", "asctime": "2025-07-17 17:26:10.697+00:00"}
{"level": "warning", "msg": "set_data", "asctime": "2025-07-17 17:26:11.697+00:00"}
{"level": "warning", "msg": "update_data", "asctime": "2025-07-17 17:26:12.697+00:00"}
{"level": "info", "msg": "update_data", "asctime": "2025-07-17 17:26:13.697+00:00"}
{"level": "info", "msg": "get_data", "asctime": "2025-07-17 17:26:14.698+00:00"}
{"level": "error", "msg": "update_data", "asctime": "2025-07-17 17:26:15.698+00:00"}
{"level": "debug", "msg": "update_data", "asctime": "2025-07-17 17:26:16.698+00:00"}
{"level": "warning", "msg": "update_data", "asctime": "2025-07-17 17:26:17.698+00:00"}
{"level": "info", "msg": "get_data", "asctime": "2025-07-17 17:26:18.698+00:00"}
{"level": "info", "msg": "set_data", "asctime": "2025-07-17 17:26:19.698+00:00"}
{"level": "debug", "msg": "get_data", "asctime": "2025-07-17 17:26:20.699+00:00"}
{"level": "warning", "msg": "set_data", "asctime": "2025-07-17 17:26:21.699+00:00"}
{"level": "warning", "msg": "set_data", "asctime": "2025-07-17 17:26:22.699+00:00"}
{"level": "info", "msg": "get_data", "asctime": "2025-07-17 17:26:23.699+00:00"}
{"level": "warning", "msg": "get_data", "asctime": "2025-07-17 17:26:24.699+00:00"}
{"level": "info", "msg": "update_data", "asctime": "2025-07-17 17:26:25.700+00:00"}
{"level": "debug", "msg": "get_data", "asctime": "2025-07-17 17:26:26.700+00:00"}
{"level": "info", "msg": "get_data", "asctime": "2025-07-17 17:26:27.700+00:00"}
{"level": "warning", "msg": "update_data", "asctime": "2025-07-17 17:26:28.700+00:00"}
{"level": "warning", "msg": "set_data", "asctime": "2025-07-17 17:26:29.700+00:00"}
{"level": "debug", "msg": "update_data", "asctime": "2025-07-17 17:26:30.700+00:00"}
{"level": "warning", "msg": "update_data", "asctime": "2025-07-17 17:26:31.701+00:00"}
{"level": "warning", "msg": "set_data", "asctime": "2025-07-17 17:26:32.701+00:00"}
{"level": "error", "msg": "update_data", "asctime": "2025-07-17 17:26:33.701+00:00"}
{"level": "warning", "msg": "set_data", "asctime": "2025-07-17 17:26:34.701+00:00"}
{"level": "error", "msg": "set_data", "asctime": "2025-07-17 17:26:35.702+00:00"}
{"level": "error", "msg": "get_data", "asctime": "2025-07-17 17:26:36.702+00:00"}
{"level": "error", "msg": "set_data", "asctime": "2025-07-17 17:26:37.702+00:00"}
{"level": "debug", "msg": "update_data", "asctime": "2025-07-17 17:26:38.702+00:00"}
{"level": "info", "msg": "update_data", "asctime": "2025-07-17 17:26:39.702+00:00"}
{"level": "warning", "msg": "update_data", "asctime": "2025-07-17 17:26:40.703+00:00"}
{"level": "info", "msg": "set_data", "asctime": "2025-07-17 17:26:41.703+00:00"}
{"level": "error", "msg": "update_data", "asctime": "2025-07-17 17:26:42.703+00:00"}
{"level": "info", "msg": "get_data", "asctime": "2025-07-17 17:26:43.703+00:00"}
{"level": "debug", "msg": "get_data", "asctime": "2025-07-17 17:26:44.703+00:00"}
{"level": "error", "msg": "get_data", "asctime": "2025-07-17 17:26:45.703+00:00"}
{"level": "warning", "msg": "get_data", "asctime": "2025-07-17 17:26:46.704+00:00"}
{"level": "info", "msg": "set_data", "asctime": "2025-07-17 17:26:47.704+00:00"}
{"level": "warning", "msg": "set_data", "asctime": "2025-07-17 17:26:48.704+00:00"}
{"level": "info", "msg": "update_data", "asctime": "2025-07-17 17:26:49.704+00:00"}
{"level": "info", "msg": "get_data", "asctime": "2025-07-17 17:26:50.704+00:00"}
{"level": "error", "msg": "update_data", "asctime": "2025-07-17 17:26:51.705+00:00"}
{"level": "error", "msg": "set_data", "asctime": "2025-07-17 17:26:52.705+00:00"}
{"level": "info", "msg": "set_data", "asctime": "2025-07-17 17:26:53.705+00:00"}
{"level": "error", "msg": "set_data", "asctime": "2025-07-17 17:26:54.705+00:00"}
{"level": "info", "msg": "update_data", "asctime": "2025-07-17 17:26:55.706+00:00"}
{"level": "debug", "msg": "update_data", "asctime": "2025-07-17 17:26:56.706+00:00"}
{"level": "info", "msg": "update_data", "asctime": "2025-07-17 17:26:57.706+00:00"}
{"level": "info", "msg": "set_data", "asctime": "2025-07-17 17:26:58.706+00:00"}
{"level": "info", "msg": "update_data", "asctime": "2025-07-17 17:26:59.706+00:00"}
{"level": "info", "msg": "update_data", "asctime": "2025-07-17 17:27:00.707+00:00"}
{"level": "warning", "msg": "update_data", "asctime": "2025-07-17 17:27:01.707+00:00"}
{"level": "error", "msg": "get_data", "asctime": "2025-07-17 17:27:02.707+00:00"}
{"level": "error", "msg": "get_data", "asctime": "2025-07-17 17:27:03.707+00:00"}
{"level": "warning", "msg": "update_data", "asctime": "2025-07-17 17:27:04.707+00:00"}
{"level": "error", "msg": "update_data", "asctime": "2025-07-17 17:27:05.708+00:00"}
{"level": "error", "msg": "set_data", "asctime": "2025-07-17 17:27:06.708+00:00"}
{"level": "info", "msg": "set_data", "asctime": "2025-07-17 17:27:07.708+00:00"}
{"level": "debug", "msg": "set_data", "asctime": "2025-07-17 17:27:08.708+00:00"}
{"level": "warning", "msg": "update_data", "asctime": "2025-07-17 17:27:09.708+00:00"}
{"level": "error", "msg": "get_data", "asctime": "2025-07-17 17:27:10.709+00:00"}
{"level": "error", "msg": "get_data", "asctime": "2025-07-17 17:27:11.709+00:00"}
{"level": "error", "msg": "set_data", "asctime": "2025-07-17 17:27:12.709+00:00"}
{"level": "error", "msg": "update_data", "asctime": "2025-07-17 17:27:13.709+00:00"}
{"level": "warning", "msg": "set_data", "asctime": "2025-07-17 17:27:14.709+00:00"}
{"level": "info", "msg": "set_data", "asctime": "2025-07-17 17:27:15.709+00:00"}
{"level": "info", "msg": "update_data", "asctime": "2025-07-17 17:27:16.710+00:00"}
{"level": "debug", "msg": "set_data", "asctime": "2025-07-17 17:27:17.710+00:00"}
{"level": "warning", "msg": "set_data", "asctime": "2025-07-17 17:27:18.710+00:00"}
{"level": "error", "msg": "set_data", "asctime": "2025-07-17 17:27:19.710+00:00"}
{"level": "info", "msg": "get_data", "asctime": "2025-07-17 17:27:20.710+00:00"}
{"level": "error", "msg": "update_data", "asctime": "2025-07-17 17:27:21.711+00:00"}
{"level": "error", "msg": "get_data", "asctime": "2025-07-17 17:27:22.711+00:00"}
{"level": "error", "msg": "get_data", "asctime": "2025-07-17 17:27:23.711+00:00"}
{"level": "error", "msg": "set_data", "asctime": "2025-07-17 17:27:24.711+00:00"}
{"level": "info", "msg": "update_data", "asctime": "2025-07-17 17:27:25.711+00:00"}
{"level": "warning", "msg": "set_data", "asctime": "2025-07-17 17:27:26.712+00:00"}
{"level": "warning", "msg": "get_data", "asctime": "2025-07-17 17:27:27.712+00:00"}
{"level": "error", "msg": "update_data", "asctime": "2025-07-17 17:27:28.712+00:00"}
{"level": "error", "msg": "get_data", "asctime": "2025-07-17 17:27:29.712+00:00"}
{"level": "warning", "msg": "set_data", "asctime": "2025-07-17 17:27:30.713+00:00"}
{"level": "info", "msg": "set_data", "asctime": "2025-07-17 17:27:31.713+00:00"}
{"level": "warning", "msg": "get_data", "asctime": "2025-07-17 17:27:32.713+00:00"}
{"level": "warning", "msg": "update_data", "asctime": "2025-07-17 17:27:33.713+00:00"}
{"level": "info", "msg": "update_data", "asctime": "2025-07-17 17:27:34.713+00:00"}
{"level": "info", "msg": "get_data", "asctime": "2025-07-17 17:27:35.714+00:00"}
{"level": "error", "msg": "get_data", "asctime": "2025-07-17 17:27:36.714+00:00"}
{"level": "debug", "msg": "set_data", "asctime": "2025-07-17 17:27:37.714+00:00"}
{"level": "error", "msg": "get_data", "asctime": "2025-07-17 17:27:38.714+00:00"}
{"level": "warning", "msg": "update_data", "asctime": "2025-07-17 17:27:39.714+00:00"}
{"level": "debug", "msg": "get_data", "asctime": "2025-07-17 17:27:40.715+00:00"}
{"level": "debug", "msg": "get_data", "asctime": "2025-07-17 17:27:41.715+00:00"}
{"level": "warning", "msg": "get_data", "asctime": "2025-07-17 17:27:42.715+00:00"}
{"level": "error", "msg": "set_data", "asctime": "2025-07-17 17:27:43.715+00:00"}
{"level": "warning", "msg": "get_data", "asctime": "2025-07-17 17:27:44.715+00:00"}
{"level": "info", "msg": "update_data", "asctime": "2025-07-17 17:27:45.716+00:00"}
{"level": "info", "msg": "set_data", "asctime": "2025-07-17 17:27:46.716+00:00"}
{"level": "debug", "msg": "set_data", "asctime": "2025-07-17 17:27:47.716+00:00"}
{"level": "debug", "msg": "update_data", "asctime": "2025-07-17 17:27:48.716+00:00"}
{"level": "info", "msg": "get_data", "asctime": "2025-07-17 17:27:49.716+00:00"}
{"level": "error", "msg": "update_data", "asctime": "2025-07-17 17:27:50.716+00:00"}
{"level": "error", "msg": "update_data", "asctime": "2025-07-17 17:27:51.717+00:00"}
{"level": "debug", "msg": "update_data", "asctime": "2025-07-17 17:27:52.717+00:00"}
{"level": "debug", "msg": "get_data", "asctime": "2025-07-17 17:27:53.717+00:00"}
{"level": "error", "msg": "set_data", "asctime": "2025-07-17 17:27:54.717+00:00"}
{"level": "debug", "msg": "set_data", "asctime": "2025-07-17 17:27:55.717+00:00"}
{"level": "info", "msg": "get_data", "asctime": "2025-07-17 17:27:56.718+00:00"}
{"level": "debug", "msg": "get_data", "asctime": "2025-07-17 17:27:57.718+00:00"}
{"level": "warning", "msg": "update_data", "asctime": "2025-07-17 17:27:58.718+00:00"}
{"level": "info", "msg": "set_data", "asctime": "2025-07-17 17:27:59.718+00:00"}
{"level": "info", "msg": "update_data", "asctime": "2025-07-17 17:28:00.719+00:00"}
{"level": "error", "msg": "set_data", "asctime": "2025-07-17 17:28:01.719+00:00"}
{"level": "error", "msg": "set_data", "asctime": "2025-07-17 17:28:02.719+00:00"}
{"level": "info", "msg": "get_data", "asctime": "2025-07-17 17:28:03.719+00:00"}
{"level": "warning", "msg": "set_data", "asctime": "2025-07-17 17:28:04.719+00:00"}
{"level": "debug", "msg": "set_data", "asctime": "2025-07-17 17:28:05.720+00:00"}
{"level": "error", "msg": "update_data", "asctime": "2025-07-17 17:28:06.720+00:00"}
{"level": "debug", "msg": "get_data", "asctime": "2025-07-17 17:28:07.720+00:00"}
{"level": "info", "msg": "get_data", "asctime": "2025-07-17 17:28:08.720+00:00"}
{"level": "warning", "msg": "set_data", "asctime": "2025-07-17 17:28:09.720+00:00"}
{"level": "debug", "msg": "get_data", "asctime": "2025-07-17 17:28:10.720+00:00"}
{"level": "debug", "msg": "update_data", "asctime": "2025-07-17 17:28:11.721+00:00"}
{"level": "info", "msg": "update_data", "asctime": "2025-07-17 17:28:12.721+00:00"}
{"level": "debug", "msg": "set_data", "asctime": "2025-07-17 17:28:13.721+00:00"}
{"level": "info", "msg": "set_data", "asctime": "2025-07-17 17:28:14.721+00:00"}
{"level": "warning", "msg": "get_data", "asctime": "2025-07-17 17:28:15.721+00:00"}
{"level": "warning", "msg": "update_data", "asctime": "2025-07-17 17:28:16.722+00:00"}
{"level": "debug", "msg": "update_data", "asctime": "2025-07-17 17:28:17.722+00:00"}
{"level": "debug", "msg": "set_data", "asctime": "2025-07-17 17:28:18.722+00:00"}
{"level": "debug", "msg": "set_data", "asctime": "2025-07-17 17:28:19.722+00:00"}
{"level": "warning", "msg": "update_data", "asctime": "2025-07-17 17:28:20.722+00:00"}
{"level": "error", "msg": "update_data", "asctime": "2025-07-17 17:28:21.723+00:00"}
{"level": "info", "msg": "get_data", "asctime": "2025-07-17 17:28:22.723+00:00"}
{"level": "debug", "msg": "set_data", "asctime": "2025-07-17 17:28:23.723+00:00"}
{"level": "debug", "msg": "get_data", "asctime": "2025-07-17 17:28:24.723+00:00"}
{"level": "info", "msg": "set_data", "asctime": "2025-07-17 17:28:25.723+00:00"}
{"level": "info", "msg": "get_data", "asctime": "2025-07-17 17:28:26.724+00:00"}
{"level": "warning", "msg": "get_data", "asctime": "2025-07-17 17:28:27.724+00:00"}
{"level": "debug", "msg": "get_data", "asctime": "2025-07-17 17:28:28.724+00:00"}
{"level": "debug", "msg": "set_data", "asctime": "2025-07-17 17:28:29.724+00:00"}
{"level": "error", "msg": "get_data", "asctime": "2025-07-17 17:28:30.724+00:00"}
{"level": "info", "msg": "update_data", "asctime": "2025-07-17 17:28:31.725+00:00"}
{"level": "error", "msg": "set_data", "asctime": "2025-07-17 17:28:32.725+00:00"}
{"level": "error", "msg": "get_data", "asctime": "2025-07-17 17:28:33.725+00:00"}
{"level": "debug", "msg": "update_data", "asctime": "2025-07-17 17:28:34.725+00:00"}
{"level": "warning", "msg": "update_data", "asctime": "2025-07-17 17:28:35.725+00:00"}
{"level": "error", "msg": "get_data", "asctime": "2025-07-17 17:28:36.726+00:00"}
{"level": "warning", "msg": "set_data", "asctime": "2025-07-17 17:28:37.726+00:00"}
{"level": "debug", "msg": "get_data", "asctime": "2025-07-17 17:28:38.726+00:00"}
{"level": "warning", "msg": "update_data", "asctime": "2025-07-17 17:28:39.726+00:00"}
{"level": "error", "msg": "set_data", "asctime": "2025-07-17 17:28:40.727+00:00"}
{"level": "warning", "msg": "update_data", "asctime": "2025-07-17 17:28:41.727+00:00"}
{"level": "debug", "msg": "update_data", "asctime": "2025-07-17 17:28:42.727+00:00"}
{"level": "debug", "msg": "update_data", "asctime": "2025-07-17 17:28:43.727+00:00"}
{"level": "warning", "msg": "set_data", "asctime": "2025-07-17 17:28:44.727+00:00"}
{"level": "debug", "msg": "set_data", "asctime": "2025-07-17 17:28:45.728+00:00"}
{"level": "debug", "msg": "set_data", "asctime": "2025-07-17 17:28:46.728+00:00"}
{"level": "info", "msg": "update_data", "asctime": "2025-07-17 17:28:47.728+00:00"}
{"level": "info", "msg": "update_data", "asctime": "2025-07-17 17:28:48.728+00:00"}
{"level": "warning", "msg": "set_data", "asctime": "2025-07-17 17:28:49.728+00:00"}
{"level": "debug", "msg": "get_data", "asctime": "2025-07-17 17:28:50.729+00:00"}
{"level": "debug", "msg": "get_data", "asctime": "2025-07-17 17:28:51.729+00:00"}
{"level": "info", "msg": "update_data", "asctime": "2025-07-17 17:28:52.729+00:00"}
{"level": "warning", "msg": "set_data", "asctime": "2025-07-17 17:28:53.729+00:00"}
{"level": "debug", "msg": "set_data", "asctime": "2025-07-17 17:28:54.729+00:00"}
{"level": "info", "msg": "update_data", "asctime": "2025-07-17 17:28:55.730+00:00"}
{"level": "info", "msg": "update_data", "asctime": "2025-07-17 17:28:56.730+00:00"}
{"level": "warning", "msg": "set_data", "asctime": "2025-07-17 17:28:57.730+00:00"}
{"level": "debug", "msg": "update_data", "asctime": "2025-07-17 17:28:58.730+00:00"}
{"level": "debug", "msg": "update_data", "asctime": "2025-07-17 17:28:59.730+00:00"}
{"level": "debug", "msg": "update_data", "asctime": "2025-07-17 17:29:00.731+00:00"}
{"level": "error", "msg": "get_data", "asctime": "2025-07-17 17:29:01.731+00:00"}
{"level": "info", "msg": "get_data", "asctime": "2025-07-17 17:29:02.731+00:00"}
{"level": "debug", "msg": "set_data", "asctime": "2025-07-17 17:29:03.731+00:00"}
{"level": "info", "msg": "set_data", "asctime": "2025-07-17 17:29:04.731+00:00"}
{"level": "error", "msg": "set_data", "asctime": "2025-07-17 17:29:05.732+00:00"}
{"level": "warning", "msg": "set_data", "asctime": "2025-07-17 17:29:06.732+00:00"}
{"level": "info", "msg": "update_data", "asctime": "2025-07-17 17:29:07.732+00:00"}
{"level": "debug", "msg": "set_data", "asctime": "2025-07-17 17:29:08.732+00:00"}
{"level": "debug", "msg": "update_data", "asctime": "2025-07-17 17:29:09.732+00:00"}
{"level": "warning", "msg": "get_data", "asctime": "2025-07-17 17:29:10.732+00:00"}
{"level": "info", "msg": "set_data", "asctime": "2025-07-17 17:29:11.733+00:00"}
{"level": "error", "msg": "update_data", "asctime": "2025-07-17 17:29:12.733+00:00"}
{"level": "warning", "msg": "get_data", "asctime": "2025-07-17 17:29:13.733+00:00"}
{"level": "info", "msg": "set_data", "asctime": "2025-07-17 17:29:14.733+00:00"}
{"level": "info", "msg": "set_data", "asctime": "2025-07-17 17:29:15.733+00:00"}
{"level": "error", "msg": "get_data", "asctime": "2025-07-17 17:29:16.734+00:00"}
{"level": "warning", "msg": "get_data", "asctime": "2025-07-17 17:29:17.734+00:00"}
{"level": "info", "msg": "get_data", "asctime": "2025-07-17 17:29:18.734+00:00"}
{"level": "info", "msg": "set_data", "asctime": "2025-07-17 17:29:19.734+00:00"}
{"level": "debug", "msg": "update_data", "asctime": "2025-07-17 17:29:20.734+00:00"}
{"level": "debug", "msg": "set_data", "asctime": "2025-07-17 17:29:21.735+00:00"}
{"level": "info", "msg": "set_data", "asctime": "2025-07-17 17:29:22.735+00:00"}
{"level": "warning", "msg": "set_data", "asctime": "2025-07-17 17:29:23.735+00:00"}
{"level": "info", "msg": "set_data", "asctime": "2025-07-17 17:29:24.735+00:00"}
{"level": "debug", "msg": "get_data", "asctime": "2025-07-17 17:29:25.735+00:00"}
{"level": "error", "msg": "update_data", "asctime": "2025-07-17 17:29:26.736+00:00"}
{"level": "debug", "msg": "set_data", "asctime": "2025-07-17 17:29:27.736+00:00"}
{"level": "debug", "msg": "get_data", "asctime": "2025-07-17 17:29:28.736+00:00"}
{"level": "info", "msg": "get_data", "asctime": "2025-07-17 17:29:29.736+00:00"}
{"level": "debug", "msg": "update_data", "asctime": "2025-07-17 17:29:30.736+00:00"}
{"level": "error", "msg": "update_data", "asctime": "2025-07-17 17:29:31.737+00:00"}
{"level": "debug", "msg": "get_data", "asctime": "2025-07-17 17:29:32.737+00:00"}
{"level": "warning", "msg": "set_data", "asctime": "2025-07-17 17:29:33.737+00:00"}
{"level": "warning", "msg": "get_data", "asctime": "2025-07-17 17:29:34.737+00:00"}
{"level": "info", "msg": "get_data", "asctime": "2025-07-17 17:29:35.737+00:00"}
{"level": "info", "msg": "get_data", "asctime": "2025-07-17 17:29:36.737+00:00"}
{"level": "debug", "msg": "update_data", "asctime": "2025-07-17 17:29:37.738+00:00"}
{"level": "warning", "msg": "set_data", "asctime": "2025-07-17 17:29:38.738+00:00"}
{"level": "debug", "msg": "get_data", "asctime": "2025-07-17 17:29:39.738+00:00"}
{"level": "warning", "msg": "update_data", "asctime": "2025-07-17 17:29:40.738+00:00"}
{"level": "warning", "msg": "set_data", "asctime": "2025-07-17 17:29:41.738+00:00"}
{"level": "info", "msg": "get_data", "asctime": "2025-07-17 17:29:42.739+00:00"}
{"level": "info", "msg": "get_data", "asctime": "2025-07-17 17:29:43.739+00:00"}
{"level": "info", "msg": "set_data", "asctime": "2025-07-17 17:29:44.739+00:00"}
{"level": "warning", "msg": "update_data", "asctime": "2025-07-17 17:29:45.739+00:00"}
{"level": "error", "msg": "set_data", "asctime": "2025-07-17 17:29:46.739+00:00"}
{"level": "debug", "msg": "set_data", "asctime": "2025-07-17 17:29:47.740+00:00"}
{"level": "error", "msg": "get_data", "asctime": "2025-07-17 17:29:48.740+00:00"}
{"level": "error", "msg": "set_data", "asctime": "2025-07-17 17:29:49.740+00:00"}
{"level": "warning", "msg": "update_data", "asctime": "2025-07-17 17:29:50.740+00:00"}
{"level": "warning", "msg": "set_data", "asctime": "2025-07-17 17:29:51.740+00:00"}
{"level": "warning", "msg": "update_data", "asctime": "2025-07-17 17:29:52.741+00:00"}
{"level": "debug", "msg": "set_data", "asctime": "2025-07-17 17:29:53.741+00:00"}
{"level": "error", "msg": "get_data", "asctime": "2025-07-17 17:29:54.741+00:00"}
{"level": "warning", "msg": "get_data", "asctime": "2025-07-17 17:29:55.741+00:00"}
{"level": "warning", "msg": "set_data", "asctime": "2025-07-17 17:29:56.744+00:00"}
{"level": "info", "msg": "set_data", "asctime": "2025-07-17 17:29:57.744+00:00"}
{"level": "warning", "msg": "update_data", "asctime": "2025-07-17 17:29:58.744+00:00"}
{"level": "debug", "msg": "update_data", "asctime": "2025-07-17 17:29:59.744+00:00"}
{"level": "error", "msg": "get_data", "asctime": "2025-07-17 17:30:00.744+00:00"}
{"level": "error", "msg": "get_data", "asctime": "2025-07-17 17:30:01.745+00:00"}
{"level": "warning", "msg": "update_data", "asctime": "2025-07-17 17:30:02.745+00:00"}
{"level": "info", "msg": "set_data", "asctime": "2025-07-17 17:30:03.745+00:00"}
{"level": "warning", "msg": "get_data", "asctime": "2025-07-17 17:30:04.745+00:00"}
{"level": "warning", "msg": "set_data", "asctime": "2025-07-17 17:30:05.745+00:00"}
{"level": "warning", "msg": "set_data", "asctime": "2025-07-17 17:30:06.746+00:00"}
{"level": "warning", "msg": "get_data", "asctime": "2025-07-17 17:30:07.746+00:00"}
{"level": "info", "msg": "set_data", "asctime": "2025-07-17 17:30:08.746+00:00"}
{"level": "info", "msg": "get_data", "asctime": "2025-07-17 17:30:09.746+00:00"}
{"level": "warning", "msg": "update_data", "asctime": "2025-07-17 17:30:10.746+00:00"}
{"level": "warning", "msg": "set_data", "asctime": "2025-07-17 17:30:11.747+00:00"}
{"level": "debug", "msg": "update_data", "asctime": "2025-07-17 17:30:12.747+00:00"}
{"level": "info", "msg": "set_data", "asctime": "2025-07-17 17:30:13.747+00:00"}
{"level": "info", "msg": "set_data", "asctime": "2025-07-17 17:30:14.747+00:00"}
{"level": "error", "msg": "get_data", "asctime": "2025-07-17 17:30:15.747+00:00"}
{"level": "info", "msg": "set_data", "asctime": "2025-07-17 17:30:16.748+00:00"}
{"level": "warning", "msg": "update_data", "asctime": "2025-07-17 17:30:17.748+00:00"}
{"level": "error", "msg": "get_data", "asctime": "2025-07-17 17:30:18.748+00:00"}
{"level": "debug", "msg": "update_data", "asctime": "2025-07-17 17:30:19.748+00:00"}
{"level": "warning", "msg": "set_data", "asctime": "2025-07-17 17:30:20.748+00:00"}
{"level": "debug", "msg": "set_data", "asctime": "2025-07-17 17:30:21.749+00:00"}
{"level": "info", "msg": "set_data", "asctime": "2025-07-17 17:30:22.749+00:00"}
{"level": "error", "msg": "set_data", "asctime": "2025-07-17 17:30:23.749+00:00"}
{"level": "info", "msg": "set_data", "asctime": "2025-07-17 17:30:24.749+00:00"}
{"level": "info", "msg": "update_data", "asctime": "2025-07-17 17:30:25.749+00:00"}
{"level": "error", "msg": "update_data", "asctime": "2025-07-17 17:30:26.750+00:00"}
{"level": "info", "msg": "update_data", "asctime": "2025-07-17 17:30:27.750+00:00"}
{"level": "debug", "msg": "set_data", "asctime": "2025-07-17 17:30:28.750+00:00"}
{"level": "error", "msg": "get_data", "asctime": "2025-07-17 17:30:29.750+00:00"}
{"level": "warning", "msg": "set_data", "asctime": "2025-07-17 17:30:30.750+00:00"}
{"level": "warning", "msg": "update_data", "asctime": "2025-07-17 17:30:31.751+00:00"}
{"level": "error", "msg": "get_data", "asctime": "2025-07-17 17:30:32.751+00:00"}
{"level": "info", "msg": "update_data", "asctime": "2025-07-17 17:30:33.751+00:00"}
{"level": "warning", "msg": "update_data", "asctime": "2025-07-17 17:30:34.751+00:00"}
{"level": "debug", "msg": "update_data", "asctime": "2025-07-17 17:30:35.751+00:00"}
{"level": "info", "msg": "update_data", "asctime": "2025-07-17 17:30:36.751+00:00"}
{"level": "info", "msg": "set_data", "asctime": "2025-07-17 17:30:37.752+00:00"}
{"level": "error", "msg": "get_data", "asctime": "2025-07-17 17:30:38.752+00:00"}
{"level": "debug", "msg": "get_data", "asctime": "2025-07-17 17:30:39.752+00:00"}
{"level": "info", "msg": "get_data", "asctime": "2025-07-17 17:30:40.752+00:00"}
{"level": "debug", "msg": "update_data", "asctime": "2025-07-17 17:30:41.752+00:00"}
{"level": "info", "msg": "set_data", "asctime": "2025-07-17 17:30:42.753+00:00"}
{"level": "debug", "msg": "update_data", "asctime": "2025-07-17 17:30:43.753+00:00"}
{"level": "debug", "msg": "get_data", "asctime": "2025-07-17 17:30:44.753+00:00"}
{"level": "error", "msg": "update_data", "asctime": "2025-07-17 17:30:45.753+00:00"}
{"level": "debug", "msg": "get_data", "asctime": "2025-07-17 17:30:46.753+00:00"}
{"level": "error", "msg": "get_data", "asctime": "2025-07-17 17:30:47.754+00:00"}
{"level": "error", "msg": "update_data", "asctime": "2025-07-17 17:30:48.754+00:00"}
{"level": "error", "msg": "set_data", "asctime": "2025-07-17 17:30:49.754+00:00"}
{"level": "info", "msg": "update_data", "asctime": "2025-07-17 17:30:50.754+00:00"}
{"level": "info", "msg": "set_data", "asctime": "2025-07-17 17:30:51.754+00:00"}
{"level": "error", "msg": "set_data", "asctime": "2025-07-17 17:30:52.754+00:00"}
{"level": "error", "msg": "update_data", "asctime": "2025-07-17 17:30:53.755+00:00"}
{"level": "info", "msg": "set_data", "asctime": "2025-07-17 17:30:54.755+00:00"}
{"level": "error", "msg": "set_data", "asctime": "2025-07-17 17:30:55.755+00:00"}
{"level": "info", "msg": "get_data", "asctime": "2025-07-17 17:30:56.755+00:00"}
{"level": "info", "msg": "update_data", "asctime": "2025-07-17 17:30:57.755+00:00"}
{"level": "info", "msg": "update_data", "asctime": "2025-07-17 17:30:58.756+00:00"}
{"level": "error", "msg": "get_data", "asctime": "2025-07-17 17:30:59.756+00:00"}
{"level": "warning", "msg": "update_data", "asctime": "2025-07-17 17:31:00.756+00:00"}
{"level": "warning", "msg": "update_data", "asctime": "2025-07-17 17:31:01.756+00:00"}
{"level": "warning", "msg": "get_data", "asctime": "2025-07-17 17:31:02.756+00:00"}
{"level": "info", "msg": "get_data", "asctime": "2025-07-17 17:31:03.757+00:00"}
{"level": "error", "msg": "get_data", "asctime": "2025-07-17 17:31:04.757+00:00"}
{"level": "error", "msg": "set_data", "asctime": "2025-07-17 17:31:05.757+00:00"}
{"level": "warning", "msg": "set_data", "asctime": "2025-07-17 17:31:06.757+00:00"}
{"level": "debug", "msg": "get_data", "asctime": "2025-07-17 17:31:07.757+00:00"}
{"level": "info", "msg": "get_data", "asctime": "2025-07-17 17:31:08.758+00:00"}
{"level": "warning", "msg": "set_data", "asctime": "2025-07-17 17:31:09.758+00:00"}
{"level": "info", "msg": "update_data", "asctime": "2025-07-17 17:31:10.758+00:00"}
{"level": "info", "msg": "set_data", "asctime": "2025-07-17 17:31:11.758+00:00"}
{"level": "info", "msg": "set_data", "asctime": "2025-07-17 17:31:12.758+00:00"}
{"level": "warning", "msg": "set_data", "asctime": "2025-07-17 17:31:13.759+00:00"}
{"level": "info", "msg": "get_data", "asctime": "2025-07-17 17:31:14.759+00:00"}
{"level": "info", "msg": "get_data", "asctime": "2025-07-17 17:31:15.759+00:00"}
{"level": "info", "msg": "set_data", "asctime": "2025-07-17 17:31:16.759+00:00"}
{"level": "warning", "msg": "set_data", "asctime": "2025-07-17 17:31:17.759+00:00"}
{"level": "info", "msg": "set_data", "asctime": "2025-07-17 17:31:18.759+00:00"}
{"level": "error", "msg": "update_data", "asctime": "2025-07-17 17:31:19.760+00:00"}
{"level": "warning", "msg": "get_data", "asctime": "2025-07-17 17:31:20.760+00:00"}
{"level": "info", "msg": "set_data", "asctime": "2025-07-17 17:31:21.760+00:00"}
{"level": "info", "msg": "get_data", "asctime": "2025-07-17 17:31:22.760+00:00"}
{"level": "debug", "msg": "get_data", "asctime": "2025-07-17 17:31:23.760+00:00"}
{"level": "debug", "msg": "set_data", "asctime": "2025-07-17 17:31:24.761+00:00"}
{"level": "info", "msg": "set_data", "asctime": "2025-07-17 17:31:25.761+00:00"}
{"level": "info", "msg": "update_data", "asctime": "2025-07-17 17:31:26.761+00:00"}
{"level": "info", "msg": "update_data", "asctime": "2025-07-17 17:31:27.761+00:00"}
{"level": "warning", "msg": "set_data", "asctime": "2025-07-17 17:31:28.761+00:00"}
{"level": "error", "msg": "set_data", "asctime": "2025-07-17 17:31:29.762+00:00"}
{"level": "info", "msg": "update_data", "asctime": "2025-07-17 17:31:30.762+00:00"}
{"level": "warning", "msg": "get_data", "asctime": "2025-07-17 17:31:31.762+00:00"}
{"level": "error", "msg": "update_data", "asctime": "2025-07-17 17:31:32.762+00:00"}
{"level": "info", "msg": "update_data", "asctime": "2025-07-17 17:31:33.762+00:00"}
{"level": "warning", "msg": "update_data", "asctime": "2025-07-17 17:31:34.763+00:00"}
{"level": "info", "msg": "set_data", "asctime": "2025-07-17 17:31:35.763+00:00"}
{"level": "debug", "msg": "update_data", "asctime": "2025-07-17 17:31:36.763+00:00"}
{"level": "info", "msg": "update_data", "asctime": "2025-07-17 17:31:37.763+00:00"}
{"level": "info", "msg": "set_data", "asctime": "2025-07-17 17:31:38.763+00:00"}
{"level": "error", "msg": "update_data", "asctime": "2025-07-17 17:31:39.763+00:00"}
{"level": "info", "msg": "update_data", "asctime": "2025-07-17 17:31:40.764+00:00"}
{"level": "error", "msg": "update_data", "asctime": "2025-07-17 17:31:41.764+00:00"}
{"level": "debug", "msg": "set_data", "asctime": "2025-07-17 17:31:42.764+00:00"}
{"level": "info", "msg": "get_data", "asctime": "2025-07-17 17:31:43.764+00:00"}
{"level": "warning", "msg": "update_data", "asctime": "2025-07-17 17:31:44.764+00:00"}
{"level": "info", "msg": "get_data", "asctime": "2025-07-17 17:31:45.765+00:00"}
{"level": "info", "msg": "set_data", "asctime": "2025-07-17 17:31:46.765+00:00"}
{"level": "debug", "msg": "set_data", "asctime": "2025-07-17 17:31:47.765+00:00"}
{"level": "warning", "msg": "get_data", "asctime": "2025-07-17 17:31:48.765+00:00"}
{"level": "error", "msg": "get_data", "asctime": "2025-07-17 17:31:49.765+00:00"}
{"level": "warning", "msg": "set_data", "asctime": "2025-07-17 17:31:50.766+00:00"}
{"level": "debug", "msg": "set_data", "asctime": "2025-07-17 17:31:51.766+00:00"}
{"level": "warning", "msg": "get_data", "asctime": "2025-07-17 17:31:52.766+00:00"}
{"level": "debug", "msg": "get_data", "asctime": "2025-07-17 17:31:53.766+00:00"}
{"level": "error", "msg": "set_data", "asctime": "2025-07-17 17:31:54.766+00:00"}
{"level": "info", "msg": "set_data", "asctime": "2025-07-17 17:31:55.767+00:00"}
{"level": "info", "msg": "set_data", "asctime": "2025-07-17 17:31:56.767+00:00"}
{"level": "error", "msg": "get_data", "asctime": "2025-07-17 17:31:57.767+00:00"}
{"level": "error", "msg": "set_data", "asctime": "2025-07-17 17:31:58.767+00:00"}
{"level": "info", "msg": "get_data", "asctime": "2025-07-17 17:31:59.767+00:00"}
{"level": "error", "msg": "update_data", "asctime": "2025-07-17 17:32:00.768+00:00"}
{"level": "debug", "msg": "set_data", "asctime": "2025-07-17 17:32:01.768+00:00"}
{"level": "info", "msg": "get_data", "asctime": "2025-07-17 17:32:02.768+00:00"}
{"level": "info", "msg": "set_data", "asctime": "2025-07-17 17:32:03.768+00:00"}
{"level": "debug", "msg": "get_data", "asctime": "2025-07-17 17:32:04.768+00:00"}
{"level": "debug", "msg": "set_data", "asctime": "2025-07-17 17:32:05.768+00:00"}
{"level": "warning", "msg": "get_data", "asctime": "2025-07-17 17:32:06.769+00:00"}
{"level": "warning", "msg": "set_data", "asctime": "2025-07-17 17:32:07.769+00:00"}
{"level": "error", "msg": "set_data", "asctime": "2025-07-17 17:32:08.769+00:00"}
{"level": "info", "msg": "update_data", "asctime": "2025-07-17 17:32:09.769+00:00"}
{"level": "info", "msg": "set_data", "asctime": "2025-07-17 17:32:10.769+00:00"}
{"level": "info", "msg": "set_data", "asctime": "2025-07-17 17:32:11.770+00:00"}
{"level": "error", "msg": "get_data", "asctime": "2025-07-17 17:32:12.770+00:00"}
{"level": "debug", "msg": "set_data", "asctime": "2025-07-17 17:32:13.770+00:00"}
{"level": "info", "msg": "get_data", "asctime": "2025-07-17 17:32:14.770+00:00"}
{"level": "error", "msg": "get_data", "asctime": "2025-07-17 17:32:15.770+00:00"}
{"level": "error", "msg": "set_data", "asctime": "2025-07-17 17:32:16.771+00:00"}
{"level": "info", "msg": "update_data", "asctime": "2025-07-17 17:32:17.771+00:00"}
{"level": "debug", "msg": "set_data", "asctime": "2025-07-17 17:32:18.771+00:00"}
{"level": "info", "msg": "set_data", "asctime": "2025-07-17 17:32:19.771+00:00"}
{"level": "debug", "msg": "get_data", "asctime": "2025-07-17 17:32:20.771+00:00"}
{"level": "debug", "msg": "set_data", "asctime": "2025-07-17 17:32:21.771+00:00"}
{"level": "info", "msg": "get_data", "asctime": "2025-07-17 17:32:22.772+00:00"}
{"level": "warning", "msg": "get_data", "asctime": "2025-07-17 17:32:23.772+00:00"}
{"level": "error", "msg": "set_data", "asctime": "2025-07-17 17:32:24.772+00:00"}
{"level": "debug", "msg": "update_data", "asctime": "2025-07-17 17:32:25.772+00:00"}
{"level": "error", "msg": "set_data", "asctime": "2025-07-17 17:32:26.772+00:00"}
{"level": "debug", "msg": "get_data", "asctime": "2025-07-17 17:32:27.773+00:00"}
{"level": "info", "msg": "update_data", "asctime": "2025-07-17 17:32:28.773+00:00"}
{"level": "warning", "msg": "set_data", "asctime": "2025-07-17 17:32:29.773+00:00"}
{"level": "debug", "msg": "get_data", "asctime": "2025-07-17 17:32:30.773+00:00"}
{"level": "info", "msg": "update_data", "asctime": "2025-07-17 17:32:31.773+00:00"}
{"level": "warning", "msg": "update_data", "asctime": "2025-07-17 17:32:32.774+00:00"}
{"level": "warning", "msg": "set_data", "asctime": "2025-07-17 17:32:33.774+00:00"}
{"level": "error", "msg": "update_data", "asctime": "2025-07-17 17:32:34.774+00:00"}
{"level": "info", "msg": "set_data", "asctime": "2025-07-17 17:32:35.774+00:00"}
{"level": "warning", "msg": "update_data", "asctime": "2025-07-17 17:32:36.774+00:00"}
{"level": "warning", "msg": "update_data", "asctime": "2025-07-17 17:32:37.775+00:00"}
{"level": "info", "msg": "get_data", "asctime": "2025-07-17 17:32:38.775+00:00"}
{"level": "warning", "msg": "update_data", "asctime": "2025-07-17 17:32:39.775+00:00"}
{"level": "debug", "msg": "set_data", "asctime": "2025-07-17 17:32:40.775+00:00"}
{"level": "error", "msg": "get_data", "asctime": "2025-07-17 17:32:41.775+00:00"}
{"level": "warning", "msg": "update_data", "asctime": "2025-07-17 17:32:42.776+00:00"}
{"level": "error", "msg": "update_data", "asctime": "2025-07-17 17:32:43.776+00:00"}
{"level": "warning", "msg": "update_data", "asctime": "2025-07-17 17:32:44.776+00:00"}
{"level": "info", "msg": "update_data", "asctime": "2025-07-17 17:32:45.776+00:00"}
{"level": "error", "msg": "get_data", "asctime": "2025-07-17 17:32:46.776+00:00"}
{"level": "info", "msg": "update_data", "asctime": "2025-07-17 17:32:47.777+00:00"}
{"level": "info", "msg": "set_data", "asctime": "2025-07-17 17:32:48.777+00:00"}
{"level": "info", "msg": "set_data", "asctime": "2025-07-17 17:32:49.777+00:00"}
{"level": "error", "msg": "set_data", "asctime": "2025-07-17 17:32:50.777+00:00"}
{"level": "error", "msg": "update_data", "asctime": "2025-07-17 17:32:51.777+00:00"}
{"level": "error", "msg": "set_data", "asctime": "2025-07-17 17:32:52.778+00:00"}
{"level": "info", "msg": "update_data", "asctime": "2025-07-17 17:32:53.778+00:00"}
{"level": "error", "msg": "update_data", "asctime": "2025-07-17 17:32:54.778+00:00"}
{"level": "info", "msg": "get_data", "asctime": "2025-07-17 17:32:55.778+00:00"}
{"level": "warning", "msg": "update_data", "asctime": "2025-07-17 17:32:56.778+00:00"}
{"level": "info", "msg": "update_data", "asctime": "2025-07-17 17:32:57.779+00:00"}
{"level": "info", "msg": "update_data", "asctime": "2025-07-17 17:32:58.779+00:00"}
{"level": "info", "msg": "update_data", "asctime": "2025-07-17 17:32:59.779+00:00"}
{"level": "info", "msg": "set_data", "asctime": "2025-07-17 17:33:00.779+00:00"}
{"level": "error", "msg": "update_data", "asctime": "2025-07-17 17:33:01.779+00:00"}
{"level": "info", "msg": "set_data", "asctime": "2025-07-17 17:33:02.780+00:00"}
{"level": "info", "msg": "update_data", "asctime": "2025-07-17 17:33:03.780+00:00"}
{"level": "error", "msg": "update_data", "asctime": "2025-07-17 17:33:04.780+00:00"}
{"level": "debug", "msg": "update_data", "asctime": "2025-07-17 17:33:05.780+00:00"}
{"level": "warning", "msg": "get_data", "asctime": "2025-07-17 17:33:06.780+00:00"}
{"level": "info", "msg": "get_data", "asctime": "2025-07-17 17:33:07.780+00:00"}
{"level": "warning", "msg": "update_data", "asctime": "2025-07-17 17:33:08.781+00:00"}
{"level": "error", "msg": "set_data", "asctime": "2025-07-17 17:33:09.781+00:00"}
{"level": "debug", "msg": "update_data", "asctime": "2025-07-17 17:33:10.781+00:00"}
{"level": "error", "msg": "set_data", "asctime": "2025-07-17 17:33:11.781+00:00"}
{"level": "info", "msg": "set_data", "asctime": "2025-07-17 17:33:12.782+00:00"}
{"level": "info", "msg": "update_data", "asctime": "2025-07-17 17:33:13.782+00:00"}
{"level": "debug", "msg": "set_data", "asctime": "2025-07-17 17:33:14.782+00:00"}
{"level": "error", "msg": "set_data", "asctime": "2025-07-17 17:33:15.782+00:00"}
{"level": "info", "msg": "update_data", "asctime": "2025-07-17 17:33:16.782+00:00"}
{"level": "info", "msg": "get_data", "asctime": "2025-07-17 17:33:17.783+00:00"}
{"level": "debug", "msg": "set_data", "asctime": "2025-07-17 17:33:18.783+00:00"}
{"level": "warning", "msg": "update_data", "asctime": "2025-07-17 17:33:19.783+00:00"}
{"level": "warning", "msg": "update_data", "asctime": "2025-07-17 17:33:20.783+00:00"}
{"level": "debug", "msg": "set_data", "asctime": "2025-07-17 17:33:21.783+00:00"}
{"level": "error", "msg": "update_data", "asctime": "2025-07-17 17:33:22.784+00:00"}
{"level": "error", "msg": "get_data", "asctime": "2025-07-17 17:33:23.784+00:00"}
{"level": "error", "msg": "update_data", "asctime": "2025-07-17 17:33:24.784+00:00"}
{"level": "warning", "msg": "set_data", "asctime": "2025-07-17 17:33:25.784+00:00"}
{"level": "warning", "msg": "get_data", "asctime": "2025-07-17 17:33:26.784+00:00"}
{"level": "debug", "msg": "set_data", "asctime": "2025-07-17 17:33:27.784+00:00"}
{"level": "error", "msg": "update_data", "asctime": "2025-07-17 17:33:28.785+00:00"}
{"level": "info", "msg": "set_data", "asctime": "2025-07-17 17:33:29.785+00:00"}
{"level": "warning", "msg": "update_data", "asctime": "2025-07-17 17:33:30.785+00:00"}
{"level": "warning", "msg": "set_data", "asctime": "2025-07-17 17:33:31.785+00:00"}
{"level": "debug", "msg": "get_data", "asctime": "2025-07-17 17:33:32.785+00:00"}
{"level": "error", "msg": "update_data", "asctime": "2025-07-17 17:33:33.786+00:00"}
{"level": "info", "msg": "get_data", "asctime": "2025-07-17 17:33:34.786+00:00"}
{"level": "debug", "msg": "update_data", "asctime": "2025-07-17 17:33:35.786+00:00"}
{"level": "error", "msg": "set_data", "asctime": "2025-07-17 17:33:36.786+00:00"}
{"level": "warning", "msg": "update_data", "asctime": "2025-07-17 17:33:37.786+00:00"}
{"level": "info", "msg": "get_data", "asctime": "2025-07-17 17:33:38.787+00:00"}
{"level": "debug", "msg": "update_data", "asctime": "2025-07-17 17:33:39.787+00:00"}
{"level": "warning", "msg": "set_data", "asctime": "2025-07-17 17:33:40.787+00:00"}
{"level": "info", "msg": "get_data", "asctime": "2025-07-17 17:33:41.787+00:00"}
{"level": "info", "msg": "set_data", "asctime": "2025-07-17 17:33:42.787+00:00"}
{"level": "warning", "msg": "set_data", "asctime": "2025-07-17 17:33:43.788+00:00"}
{"level": "warning", "msg": "set_data", "asctime": "2025-07-17 17:33:44.788+00:00"}
{"level": "error", "msg": "update_data", "asctime": "2025-07-17 17:33:45.788+00:00"}
{"level": "error", "msg": "update_data", "asctime": "2025-07-17 17:33:46.788+00:00"}
{"level": "error", "msg": "get_data", "asctime": "2025-07-17 17:33:47.788+00:00"}
{"level": "error", "msg": "set_data", "asctime": "2025-07-17 17:33:48.789+00:00"}
{"level": "warning", "msg": "set_data", "asctime": "2025-07-17 17:33:49.789+00:00"}
{"level": "warning", "msg": "get_data", "asctime": "2025-07-17 17:33:50.789+00:00"}
{"level": "warning", "msg": "set_data", "asctime": "2025-07-17 17:33:51.789+00:00"}
{"level": "warning", "msg": "update_data", "asctime": "2025-07-17 17:33:52.789+00:00"}
{"level": "debug", "msg": "get_data", "asctime": "2025-07-17 17:33:53.790+00:00"}
{"level": "error", "msg": "update_data", "asctime": "2025-07-17 17:33:54.790+00:00"}
{"level": "info", "msg": "update_data", "asctime": "2025-07-17 17:33:55.790+00:00"}
{"level": "debug", "msg": "get_data", "asctime": "2025-07-17 17:33:56.790+00:00"}
{"level": "info", "msg": "set_data", "asctime": "2025-07-17 17:33:57.790+00:00"}
{"level": "error", "msg": "set_data", "asctime": "2025-07-17 17:33:58.791+00:00"}
{"level": "debug", "msg": "set_data", "asctime": "2025-07-17 17:33:59.791+00:00"}
{"level": "warning", "msg": "get_data", "asctime": "2025-07-17 17:34:00.791+00:00"}
{"level": "info", "msg": "get_data", "asctime": "2025-07-17 17:34:01.791+00:00"}
{"level": "warning", "msg": "update_data", "asctime": "2025-07-17 17:34:02.791+00:00"}
{"level": "error", "msg": "update_data", "asctime": "2025-07-17 17:34:03.791+00:00"}
{"level": "error", "msg": "update_data", "asctime": "2025-07-17 17:34:04.792+00:00"}
{"level": "info", "msg": "get_data", "asctime": "2025-07-17 17:34:05.792+00:00"}
{"level": "debug", "msg": "get_data", "asctime": "2025-07-17 17:34:06.792+00:00"}
{"level": "info", "msg": "get_data", "asctime": "2025-07-17 17:34:07.792+00:00"}
{"level": "warning", "msg": "set_data", "asctime": "2025-07-17 17:34:08.792+00:00"}
{"level": "info", "msg": "get_data", "asctime": "2025-07-17 17:34:09.793+00:00"}
{"level": "error", "msg": "set_data", "asctime": "2025-07-17 17:34:10.793+00:00"}
{"level": "warning", "msg": "set_data", "asctime": "2025-07-17 17:34:11.793+00:00"}
{"level": "info", "msg": "get_data", "asctime": "2025-07-17 17:34:12.793+00:00"}
{"level": "info", "msg": "set_data", "asctime": "2025-07-17 17:34:13.793+00:00"}
{"level": "debug", "msg": "get_data", "asctime": "2025-07-17 17:34:14.794+00:00"}
{"level": "warning", "msg": "set_data", "asctime": "2025-07-17 17:34:15.794+00:00"}
{"level": "warning", "msg": "get_data", "asctime": "2025-07-17 17:34:16.794+00:00"}
{"level": "error", "msg": "update_data", "asctime": "2025-07-17 17:34:17.794+00:00"}
{"level": "error", "msg": "update_data", "asctime": "2025-07-17 17:34:18.794+00:00"}
{"level": "debug", "msg": "update_data", "asctime": "2025-07-17 17:34:19.795+00:00"}
{"level": "debug", "msg": "get_data", "asctime": "2025-07-17 17:34:20.795+00:00"}
{"level": "info", "msg": "update_data", "asctime": "2025-07-17 17:34:21.795+00:00"}
{"level": "info", "msg": "get_data", "asctime": "2025-07-17 17:34:22.795+00:00"}
{"level": "warning", "msg": "set_data", "asctime": "2025-07-17 17:34:23.795+00:00"}
{"level": "info", "msg": "set_data", "asctime": "2025-07-17 17:34:24.795+00:00"}
{"level": "info", "msg": "set_data", "asctime": "2025-07-17 17:34:25.796+00:00"}
{"level": "error", "msg": "set_data", "asctime": "2025-07-17 17:34:26.796+00:00"}
{"level": "warning", "msg": "get_data", "asctime": "2025-07-17 17:34:27.796+00:00"}
{"level": "error", "msg": "get_data", "asctime": "2025-07-17 17:34:28.796+00:00"}
{"level": "warning", "msg": "get_data", "asctime": "2025-07-17 17:34:29.796+00:00"}
{"level": "info", "msg": "get_data", "asctime": "2025-07-17 17:34:30.797+00:00"}
{"level": "error", "msg": "update_data", "asctime": "2025-07-17 17:34:31.797+00:00"}
{"level": "error", "msg": "set_data", "asctime": "2025-07-17 17:34:32.797+00:00"}
{"level": "error", "msg": "get_data", "asctime": "2025-07-17 17:34:33.797+00:00"}
{"level": "error", "msg": "update_data", "asctime": "2025-07-17 17:34:34.797+00:00"}
{"level": "debug", "msg": "get_data", "asctime": "2025-07-17 17:34:35.798+00:00"}
{"level": "warning", "msg": "set_data", "asctime": "2025-07-17 17:34:36.798+00:00"}
{"level": "error", "msg": "get_data", "asctime": "2025-07-17 17:34:37.798+00:00"}
{"level": "warning", "msg": "set_data", "asctime": "2025-07-17 17:34:38.798+00:00"}
{"level": "warning", "msg": "update_data", "asctime": "2025-07-17 17:34:39.798+00:00"}
{"level": "info", "msg": "update_data", "asctime": "2025-07-17 17:34:40.798+00:00"}
{"level": "info", "msg": "set_data", "asctime": "2025-07-17 17:34:41.799+00:00"}
{"level": "warning", "msg": "update_data", "asctime": "2025-07-17 17:34:42.799+00:00"}
{"level": "error", "msg": "get_data", "asctime": "2025-07-17 17:34:43.799+00:00"}
{"level": "warning", "msg": "update_data", "asctime": "2025-07-17 17:34:44.799+00:00"}
{"level": "info", "msg": "set_data", "asctime": "2025-07-17 17:34:45.799+00:00"}
{"level": "info", "msg": "get_data", "asctime": "2025-07-17 17:34:46.800+00:00"}
{"level": "debug", "msg": "set_data", "asctime": "2025-07-17 17:34:47.800+00:00"}
{"level": "error", "msg": "set_data", "asctime": "2025-07-17 17:34:48.800+00:00"}
{"level": "debug", "msg": "set_data", "asctime": "2025-07-17 17:34:49.800+00:00"}
{"level": "debug", "msg": "get_data", "asctime": "2025-07-17 17:34:50.800+00:00"}
{"level": "info", "msg": "set_data", "asctime": "2025-07-17 17:34:51.801+00:00"}
{"level": "debug", "msg": "get_data", "asctime": "2025-07-17 17:34:52.801+00:00"}
{"level": "error", "msg": "set_data", "asctime": "2025-07-17 17:34:53.801+00:00"}
{"level": "warning", "msg": "set_data", "asctime": "2025-07-17 17:34:54.801+00:00"}
{"level": "debug", "msg": "update_data", "asctime": "2025-07-17 17:34:55.801+00:00"}
{"level": "warning", "msg": "get_data", "asctime": "2025-07-17 17:34:56.801+00:00"}
{"level": "warning", "msg": "update_data", "asctime": "2025-07-17 17:34:57.802+00:00"}
{"level": "error", "msg": "get_data", "asctime": "2025-07-17 17:34:58.802+00:00"}
{"level": "warning", "msg": "get_data", "asctime": "2025-07-17 17:34:59.802+00:00"}
{"level": "debug", "msg": "set_data", "asctime": "2025-07-17 17:35:00.802+00:00"}
{"level": "error", "msg": "set_data", "asctime": "2025-07-17 17:35:01.802+00:00"}
{"level": "error", "msg": "update_data", "asctime": "2025-07-17 17:35:02.803+00:00"}
{"level": "debug", "msg": "set_data", "asctime": "2025-07-17 17:35:03.803+00:00"}
{"level": "error", "msg": "update_data", "asctime": "2025-07-17 17:35:04.803+00:00"}
{"level": "error", "msg": "set_data", "asctime": "2025-07-17 17:35:05.803+00:00"}
{"level": "error", "msg": "set_data", "asctime": "2025-07-17 17:35:06.803+00:00"}
{"level": "info", "msg": "get_data", "asctime": "2025-07-17 17:35:07.804+00:00"}
{"level": "info", "msg": "update_data", "asctime": "2025-07-17 17:35:08.804+00:00"}
{"level": "debug", "msg": "set_data", "asctime": "2025-07-17 17:35:09.804+00:00"}
{"level": "info", "msg": "set_data", "asctime": "2025-07-17 17:35:10.804+00:00"}
{"level": "error", "msg": "update_data", "asctime": "2025-07-17 17:35:11.804+00:00"}
{"level": "error", "msg": "update_data", "asctime": "2025-07-17 17:35:12.804+00:00"}
{"level": "error", "msg": "get_data", "asctime": "2025-07-17 17:35:13.805+00:00"}
{"level": "debug", "msg": "get_data", "asctime": "2025-07-17 17:35:14.805+00:00"}
{"level": "error", "msg": "set_data", "asctime": "2025-07-17 17:35:15.805+00:00"}
{"level": "debug", "msg": "set_data", "asctime": "2025-07-17 17:35:16.805+00:00"}
{"level": "warning", "msg": "update_data", "asctime": "2025-07-17 17:35:17.805+00:00"}
{"level": "debug", "msg": "update_data", "asctime": "2025-07-17 17:35:18.806+00:00"}
{"level": "error", "msg": "set_data", "asctime": "2025-07-17 17:35:19.806+00:00"}
{"level": "error", "msg": "set_data", "asctime": "2025-07-17 17:35:20.806+00:00"}
{"level": "error", "msg": "set_data", "asctime": "2025-07-17 17:35:21.806+00:00"}
{"level": "debug", "msg": "set_data", "asctime": "2025-07-17 17:35:22.806+00:00"}
{"level": "debug", "msg": "update_data", "asctime": "2025-07-17 17:35:23.807+00:00"}
{"level": "error", "msg": "get_data", "asctime": "2025-07-17 17:35:24.807+00:00"}
{"level": "info", "msg": "update_data", "asctime": "2025-07-17 17:35:25.807+00:00"}
{"level": "error", "msg": "get_data", "asctime": "2025-07-17 17:35:26.807+00:00"}
{"level": "warning", "msg": "update_data", "asctime": "2025-07-17 17:35:27.807+00:00"}
{"level": "debug", "msg": "set_data", "asctime": "2025-07-17 17:35:28.808+00:00"}
{"level": "debug", "msg": "get_data", "asctime": "2025-07-17 17:35:29.808+00:00"}
{"level": "warning", "msg": "update_data", "asctime": "2025-07-17 17:35:30.808+00:00"}
{"level": "error", "msg": "update_data", "asctime": "2025-07-17 17:35:31.808+00:00"}
{"level": "debug", "msg": "update_data", "asctime": "2025-07-17 17:35:32.808+00:00"}
{"level": "debug", "msg": "update_data", "asctime": "2025-07-17 17:35:33.809+00:00"}
{"level": "error", "msg": "set_data", "asctime": "2025-07-17 17:35:34.809+00:00"}
{"level": "debug", "msg": "set_data", "asctime": "2025-07-17 17:35:35.809+00:00"}
{"level": "error", "msg": "update_data", "asctime": "2025-07-17 17:35:36.809+00:00"}
{"level": "warning", "msg": "set_data", "asctime": "2025-07-17 17:35:37.809+00:00"}
{"level": "debug", "msg": "update_data", "asctime": "2025-07-17 17:35:38.809+00:00"}
{"level": "error", "msg": "set_data", "asctime": "2025-07-17 17:35:39.810+00:00"}
{"level": "warning", "msg": "get_data", "asctime": "2025-07-17 17:35:40.810+00:00"}
{"level": "error", "msg": "get_data", "asctime": "2025-07-17 17:35:41.810+00:00"}
{"level": "warning", "msg": "update_data", "asctime": "2025-07-17 17:35:42.810+00:00"}
{"level": "error", "msg": "get_data", "asctime": "2025-07-17 17:35:43.810+00:00"}
{"level": "info", "msg": "update_data", "asctime": "2025-07-17 17:35:44.811+00:00"}
{"level": "warning", "msg": "set_data", "asctime": "2025-07-17 17:35:45.811+00:00"}
{"level": "info", "msg": "update_data", "asctime": "2025-07-17 17:35:46.811+00:00"}
{"level": "warning", "msg": "get_data", "asctime": "2025-07-17 17:35:47.811+00:00"}
{"level": "info", "msg": "update_data", "asctime": "2025-07-17 17:35:48.811+00:00"}
{"level": "debug", "msg": "get_data", "asctime": "2025-07-17 17:35:49.812+00:00"}
{"level": "warning", "msg": "set_data", "asctime": "2025-07-17 17:35:50.812+00:00"}
{"level": "info", "msg": "get_data", "asctime": "2025-07-17 17:35:51.812+00:00"}
{"level": "info", "msg": "update_data", "asctime": "2025-07-17 17:35:52.812+00:00"}
{"level": "error", "msg": "get_data", "asctime": "2025-07-17 17:35:53.812+00:00"}
{"level": "warning", "msg": "set_data", "asctime": "2025-07-17 17:35:54.812+00:00"}
{"level": "error", "msg": "set_data", "asctime": "2025-07-17 17:35:55.813+00:00"}
{"level": "debug", "msg": "set_data", "asctime": "2025-07-17 17:35:56.813+00:00"}
{"level": "info", "msg": "set_data", "asctime": "2025-07-17 17:35:57.813+00:00"}
{"level": "info", "msg": "get_data", "asctime": "2025-07-17 17:35:58.813+00:00"}
{"level": "debug", "msg": "set_data", "asctime": "2025-07-17 17:35:59.813+00:00"}
{"level": "warning", "msg": "get_data", "asctime": "2025-07-17 17:36:00.814+00:00"}
{"level": "warning", "msg": "update_data", "asctime": "2025-07-17 17:36:01.814+00:00"}
{"level": "info", "msg": "update_data", "asctime": "2025-07-17 17:36:02.814+00:00"}
{"level": "error", "msg": "set_data", "asctime": "2025-07-17 17:36:03.814+00:00"}
{"level": "info", "msg": "update_data", "asctime": "2025-07-17 17:36:04.814+00:00"}
{"level": "info", "msg": "update_data", "asctime": "2025-07-17 17:36:05.814+00:00"}
{"level": "warning", "msg": "update_data", "asctime": "2025-07-17 17:36:06.815+00:00"}
{"level": "warning", "msg": "set_data", "asctime": "2025-07-17 17:36:07.815+00:00"}
{"level": "warning", "msg": "set_data", "asctime": "2025-07-17 17:36:08.815+00:00"}
{"level": "debug", "msg": "get_data", "asctime": "2025-07-17 17:36:09.815+00:00"}
{"level": "info", "msg": "get_data", "asctime": "2025-07-17 17:36:10.815+00:00"}
{"level": "debug", "msg": "get_data", "asctime": "2025-07-17 17:36:11.816+00:00"}
{"level": "debug", "msg": "get_data", "asctime": "2025-07-17 17:36:12.816+00:00"}
{"level": "warning", "msg": "get_data", "asctime": "2025-07-17 17:36:13.816+00:00"}
{"level": "debug", "msg": "get_data", "asctime": "2025-07-17 17:36:14.816+00:00"}
{"level": "debug", "msg": "set_data", "asctime": "2025-07-17 17:36:15.816+00:00"}
{"level": "debug", "msg": "get_data", "asctime": "2025-07-17 17:36:16.817+00:00"}
{"level": "error", "msg": "set_data", "asctime": "2025-07-17 17:36:17.817+00:00"}
{"level": "debug", "msg": "set_data", "asctime": "2025-07-17 17:36:18.817+00:00"}
{"level": "error", "msg": "set_data", "asctime": "2025-07-17 17:36:19.817+00:00"}
{"level": "warning", "msg": "get_data", "asctime": "2025-07-17 17:36:20.817+00:00"}
{"level": "warning", "msg": "update_data", "asctime": "2025-07-17 17:36:21.818+00:00"}
{"level": "debug", "msg": "update_data", "asctime": "2025-07-17 17:36:22.818+00:00"}
{"level": "error", "msg": "set_data", "asctime": "2025-07-17 17:36:23.818+00:00"}
{"level": "info", "msg": "set_data", "asctime": "2025-07-17 17:36:24.818+00:00"}
{"level": "info", "msg": "set_data", "asctime": "2025-07-17 17:36:25.818+00:00"}
{"level": "error", "msg": "set_data", "asctime": "2025-07-17 17:36:26.819+00:00"}
{"level": "error", "msg": "update_data", "asctime": "2025-07-17 17:36:27.819+00:00"}
{"level": "debug", "msg": "update_data", "asctime": "2025-07-17 17:36:28.819+00:00"}
{"level": "debug", "msg": "update_data", "asctime": "2025-07-17 17:36:29.819+00:00"}
{"level": "error", "msg": "get_data", "asctime": "2025-07-17 17:36:30.819+00:00"}
{"level": "info", "msg": "set_data", "asctime": "2025-07-17 17:36:31.819+00:00"}
{"level": "info", "msg": "update_data", "asctime": "2025-07-17 17:36:32.820+00:00"}
{"level": "error", "msg": "set_data", "asctime": "2025-07-17 17:36:33.820+00:00"}
{"level": "debug", "msg": "set_data", "asctime": "2025-07-17 17:36:34.820+00:00"}
{"level": "debug", "msg": "set_data", "asctime": "2025-07-17 17:36:35.820+00:00"}
{"level": "error", "msg": "set_data", "asctime": "2025-07-17 17:36:36.820+00:00"}
{"level": "debug", "msg": "update_data", "asctime": "2025-07-17 17:36:37.821+00:00"}
{"level": "warning", "msg": "set_data", "asctime": "2025-07-17 17:36:38.821+00:00"}
{"level": "warning", "msg": "update_data", "asctime": "2025-07-17 17:36:39.821+00:00"}
{"level": "debug", "msg": "update_data", "asctime": "2025-07-17 17:36:40.821+00:00"}
{"level": "info", "msg": "set_data", "asctime": "2025-07-17 17:36:41.821+00:00"}
{"level": "warning", "msg": "get_data", "asctime": "2025-07-17 17:36:42.822+00:00"}
{"level": "error", "msg": "update_data", "asctime": "2025-07-17 17:36:43.822+00:00"}
{"level": "error", "msg": "set_data", "asctime": "2025-07-17 17:36:44.822+00:00"}
{"level": "error", "msg": "get_data", "asctime": "2025-07-17 17:36:45.822+00:00"}
{"level": "info", "msg": "update_data", "asctime": "2025-07-17 17:36:46.823+00:00"}
{"level": "info", "msg": "set_data", "asctime": "2025-07-17 17:36:47.823+00:00"}
{"level": "debug", "msg": "set_data", "asctime": "2025-07-17 17:36:48.823+00:00"}
{"level": "error", "msg": "set_data", "asctime": "2025-07-17 17:36:49.823+00:00"}
{"level": "debug", "msg": "set_data", "asctime": "2025-07-17 17:36:50.823+00:00"}
{"level": "error", "msg": "get_data", "asctime": "2025-07-17 17:36:51.823+00:00"}
{"level": "error", "msg": "update_data", "asctime": "2025-07-17 17:36:52.824+00:00"}
{"level": "info", "msg": "get_data", "asctime": "2025-07-17 17:36:53.824+00:00"}
{"level": "info", "msg": "set_data", "asctime": "2025-07-17 17:36:54.824+00:00"}
{"level": "info", "msg": "set_data", "asctime": "2025-07-17 17:36:55.824+00:00"}
{"level": "error", "msg": "get_data", "asctime": "2025-07-17 17:36:56.824+00:00"}
{"level": "warning", "msg": "get_data", "asctime": "2025-07-17 17:36:57.825+00:00"}
{"level": "debug", "msg": "set_data", "asctime": "2025-07-17 17:36:58.825+00:00"}
{"level": "error", "msg": "set_data", "asctime": "2025-07-17 17:36:59.825+00:00"}
{"level": "warning", "msg": "set_data", "asctime": "2025-07-17 17:37:00.825+00:00"}
{"level": "info", "msg": "update_data", "asctime": "2025-07-17 17:37:01.825+00:00"}
{"level": "error", "msg": "set_data", "asctime": "2025-07-17 17:37:02.826+00:00"}
{"level": "error", "msg": "update_data", "asctime": "2025-07-17 17:37:03.826+00:00"}
{"level": "info", "msg": "get_data", "asctime": "2025-07-17 17:37:04.826+00:00"}
{"level": "error", "msg": "set_data", "asctime": "2025-07-17 17:37:05.826+00:00"}
{"level": "error", "msg": "update_data", "asctime": "2025-07-17 17:37:06.826+00:00"}
{"level": "debug", "msg": "update_data", "asctime": "2025-07-17 17:37:07.827+00:00"}
{"level": "debug", "msg": "set_data", "asctime": "2025-07-17 17:37:08.827+00:00"}
{"level": "error", "msg": "get_data", "asctime": "2025-07-17 17:37:09.827+00:00"}
{"level": "error", "msg": "get_data", "asctime": "2025-07-17 17:37:10.827+00:00"}
{"level": "error", "msg": "set_data", "asctime": "2025-07-17 17:37:11.827+00:00"}
{"level": "info", "msg": "update_data", "asctime": "2025-07-17 17:37:12.828+00:00"}
{"level": "error", "msg": "update_data", "asctime": "2025-07-17 17:37:13.828+00:00"}
{"level": "info", "msg": "get_data", "asctime": "2025-07-17 17:37:14.828+00:00"}
{"level": "debug", "msg": "update_data", "asctime": "2025-07-17 17:37:15.828+00:00"}
{"level": "debug", "msg": "set_data", "asctime": "2025-07-17 17:37:16.828+00:00"}
{"level": "debug", "msg": "set_data", "asctime": "2025-07-17 17:37:17.829+00:00"}
{"level": "info", "msg": "set_data", "asctime": "2025-07-17 17:37:18.829+00:00"}
{"level": "error", "msg": "get_data", "asctime": "2025-07-17 17:37:19.829+00:00"}
{"level": "warning", "msg": "set_data", "asctime": "2025-07-17 17:37:20.829+00:00"}
{"level": "info", "msg": "update_data", "asctime": "2025-07-17 17:37:21.829+00:00"}
{"level": "warning", "msg": "set_data", "asctime": "2025-07-17 17:37:22.830+00:00"}
{"level": "debug", "msg": "get_data", "asctime": "2025-07-17 17:37:23.830+00:00"}
{"level": "debug", "msg": "set_data", "asctime": "2025-07-17 17:37:24.830+00:00"}
{"level": "info", "msg": "set_data", "asctime": "2025-07-17 17:37:25.830+00:00"}
{"level": "info", "msg": "set_data", "asctime": "2025-07-17 17:37:26.830+00:00"}
{"level": "warning", "msg": "set_data", "asctime": "2025-07-17 17:37:27.830+00:00"}
{"level": "debug", "msg": "update_data", "asctime": "2025-07-17 17:37:28.831+00:00"}
{"level": "info", "msg": "set_data", "asctime": "2025-07-17 17:37:29.831+00:00"}
{"level": "info", "msg": "update_data", "asctime": "2025-07-17 17:37:30.831+00:00"}
{"level": "warning", "msg": "update_data", "asctime": "2025-07-17 17:37:31.831+00:00"}
{"level": "info", "msg": "set_data", "asctime": "2025-07-17 17:37:32.831+00:00"}
{"level": "debug", "msg": "update_data", "asctime": "2025-07-17 17:37:33.832+00:00"}
{"level": "info", "msg": "update_data", "asctime": "2025-07-17 17:37:34.832+00:00"}
{"level": "debug", "msg": "set_data", "asctime": "2025-07-17 17:37:35.832+00:00"}
{"level": "debug", "msg": "set_data", "asctime": "2025-07-17 17:37:36.832+00:00"}
{"level": "warning", "msg": "update_data", "asctime": "2025-07-17 17:37:37.832+00:00"}
{"level": "info", "msg": "set_data", "asctime": "2025-07-17 17:37:38.833+00:00"}
{"level": "debug", "msg": "set_data", "asctime": "2025-07-17 17:37:39.833+00:00"}
{"level": "error", "msg": "update_data", "asctime": "2025-07-17 17:37:40.833+00:00"}
{"level": "debug", "msg": "update_data", "asctime": "2025-07-17 17:37:41.833+00:00"}
{"level": "error", "msg": "update_data", "asctime": "2025-07-17 17:37:42.833+00:00"}
{"level": "warning", "msg": "set_data", "asctime": "2025-07-17 17:37:43.834+00:00"}
{"level": "warning", "msg": "update_data", "asctime": "2025-07-17 17:37:44.834+00:00"}
{"level": "info", "msg": "set_data", "asctime": "2025-07-17 17:37:45.834+00:00"}
{"level": "warning", "msg": "set_data", "asctime": "2025-07-17 17:37:46.834+00:00"}
{"level": "debug", "msg": "get_data", "asctime": "2025-07-17 17:37:47.834+00:00"}
{"level": "info", "msg": "set_data", "asctime": "2025-07-17 17:37:48.835+00:00"}
{"level": "debug", "msg": "set_data", "asctime": "2025-07-17 17:37:49.835+00:00"}
{"level": "warning", "msg": "get_data", "asctime": "2025-07-17 17:37:50.835+00:00"}
{"level": "info", "msg": "get_data", "asctime": "2025-07-17 17:37:51.835+00:00"}
{"level": "warning", "msg": "get_data", "asctime": "2025-07-17 17:37:52.835+00:00"}
{"level": "debug", "msg": "update_data", "asctime": "2025-07-17 17:37:53.836+00:00"}
{"level": "error", "msg": "set_data", "asctime": "2025-07-17 17:37:54.836+00:00"}
{"level": "warning", "msg": "set_data", "asctime": "2025-07-17 17:37:55.836+00:00"}
{"level": "info", "msg": "get_data", "asctime": "2025-07-17 17:37:56.836+00:00"}
{"level": "debug", "msg": "update_data", "asctime": "2025-07-17 17:37:57.836+00:00"}
{"level": "debug", "msg": "get_data", "asctime": "2025-07-17 17:37:58.837+00:00"}
{"level": "info", "msg": "update_data", "asctime": "2025-07-17 17:37:59.837+00:00"}
{"level": "error", "msg": "set_data", "asctime": "2025-07-17 17:38:00.837+00:00"}
{"level": "error", "msg": "set_data", "asctime": "2025-07-17 17:38:01.837+00:00"}
{"level": "error", "msg": "update_data", "asctime": "2025-07-17 17:38:02.837+00:00"}
{"level": "warning", "msg": "get_data", "asctime": "2025-07-17 17:38:03.837+00:00"}
{"level": "info", "msg": "set_data", "asctime": "2025-07-17 17:38:04.838+00:00"}
{"level": "debug", "msg": "get_data", "asctime": "2025-07-17 17:38:05.838+00:00"}
{"level": "error", "msg": "set_data", "asctime": "2025-07-17 17:38:06.838+00:00"}
{"level": "debug", "msg": "set_data", "asctime": "2025-07-17 17:38:07.838+00:00"}
{"level": "debug", "msg": "update_data", "asctime": "2025-07-17 17:38:08.839+00:00"}
{"level": "error", "msg": "set_data", "asctime": "2025-07-17 17:38:09.839+00:00"}
{"level": "info", "msg": "set_data", "asctime": "2025-07-17 17:38:10.839+00:00"}
{"level": "warning", "msg": "set_data", "asctime": "2025-07-17 17:38:11.839+00:00"}
{"level": "debug", "msg": "set_data", "asctime": "2025-07-17 17:38:12.839+00:00"}
{"level": "warning", "msg": "set_data", "asctime": "2025-07-17 17:38:13.839+00:00"}
{"level": "info", "msg": "get_data", "asctime": "2025-07-17 17:38:14.840+00:00"}
{"level": "warning", "msg": "get_data", "asctime": "2025-07-17 17:38:15.840+00:00"}
{"level": "error", "msg": "update_data", "asctime": "2025-07-17 17:38:16.840+00:00"}
{"level": "warning", "msg": "get_data", "asctime": "2025-07-17 17:38:17.840+00:00"}
{"level": "error", "msg": "update_data", "asctime": "2025-07-17 17:38:18.840+00:00"}
{"level": "info", "msg": "update_data", "asctime": "2025-07-17 17:38:19.841+00:00"}
{"level": "info", "msg": "set_data", "asctime": "2025-07-17 17:38:20.841+00:00"}
{"level": "error", "msg": "get_data", "asctime": "2025-07-17 17:38:21.841+00:00"}
{"level": "debug", "msg": "get_data", "asctime": "2025-07-17 17:38:22.841+00:00"}
{"level": "info", "msg": "get_data", "asctime": "2025-07-17 17:38:23.841+00:00"}
{"level": "debug", "msg": "set_data", "asctime": "2025-07-17 17:38:24.842+00:00"}
{"level": "error", "msg": "update_data", "asctime": "2025-07-17 17:38:25.842+00:00"}
{"level": "error", "msg": "update_data", "asctime": "2025-07-17 17:38:26.842+00:00"}
{"level": "debug", "msg": "get_data", "asctime": "2025-07-17 17:38:27.842+00:00"}
{"level": "error", "msg": "update_data", "asctime": "2025-07-17 17:38:28.842+00:00"}
{"level": "warning", "msg": "get_data", "asctime": "2025-07-17 17:38:29.843+00:00"}
{"level": "error", "msg": "get_data", "asctime": "2025-07-17 17:38:30.843+00:00"}
{"level": "warning", "msg": "set_data", "asctime": "2025-07-17 17:38:31.843+00:00"}
{"level": "warning", "msg": "get_data", "asctime": "2025-07-17 17:38:32.843+00:00"}
{"level": "info", "msg": "get_data", "asctime": "2025-07-17 17:38:33.843+00:00"}
{"level": "debug", "msg": "set_data", "asctime": "2025-07-17 17:38:34.843+00:00"}
{"level": "debug", "msg": "get_data", "asctime": "2025-07-17 17:38:35.844+00:00"}
{"level": "warning", "msg": "set_data", "asctime": "2025-07-17 17:38:36.844+00:00"}
{"level": "info", "msg": "set_data", "asctime": "2025-07-17 17:38:37.844+00:00"}
{"level": "error", "msg": "get_data", "asctime": "2025-07-17 17:38:38.844+00:00"}
{"level": "warning", "msg": "set_data", "asctime": "2025-07-17 17:38:39.844+00:00"}
{"level": "info", "msg": "update_data", "asctime": "2025-07-17 17:38:40.845+00:00"}
{"level": "debug", "msg": "set_data", "asctime": "2025-07-17 17:38:41.845+00:00"}
{"level": "warning", "msg": "get_data", "asctime": "2025-07-17 17:38:42.845+00:00"}
{"level": "error", "msg": "set_data", "asctime": "2025-07-17 17:38:43.845+00:00"}
{"level": "info", "msg": "set_data", "asctime": "2025-07-17 17:38:44.845+00:00"}
{"level": "error", "msg": "set_data", "asctime": "2025-07-17 17:38:45.846+00:00"}
{"level": "error", "msg": "get_data", "asctime": "2025-07-17 17:38:46.846+00:00"}
{"level": "warning", "msg": "update_data", "asctime": "2025-07-17 17:38:47.846+00:00"}
{"level": "warning", "msg": "update_data", "asctime": "2025-07-17 17:38:48.846+00:00"}
{"level": "debug", "msg": "set_data", "asctime": "2025-07-17 17:38:49.846+00:00"}
{"level": "warning", "msg": "get_data", "asctime": "2025-07-17 17:38:50.847+00:00"}
{"level": "error", "msg": "set_data", "asctime": "2025-07-17 17:38:51.847+00:00"}
{"level": "info", "msg": "get_data", "asctime": "2025-07-17 17:38:52.847+00:00"}
{"level": "error", "msg": "get_data", "asctime": "2025-07-17 17:38:53.847+00:00"}
{"level": "info", "msg": "update_data", "asctime": "2025-07-17 17:38:54.847+00:00"}
{"level": "warning", "msg": "get_data", "asctime": "2025-07-17 17:38:55.848+00:00"}
{"level": "warning", "msg": "update_data", "asctime": "2025-07-17 17:38:56.848+00:00"}
{"level": "warning", "msg": "update_data", "asctime": "2025-07-17 17:38:57.848+00:00"}
{"level": "warning", "msg": "get_data", "asctime": "2025-07-17 17:38:58.848+00:00"}
{"level": "error", "msg": "set_data", "asctime": "2025-07-17 17:38:59.848+00:00"}
{"level": "warning", "msg": "set_data", "asctime": "2025-07-17 17:39:00.848+00:00"}
{"level": "warning", "msg": "update_data", "asctime": "2025-07-17 17:39:01.849+00:00"}
{"level": "error", "msg": "get_data", "asctime": "2025-07-17 17:39:02.849+00:00"}
{"level": "info", "msg": "get_data", "asctime": "2025-07-17 17:39:03.849+00:00"}
{"level": "debug", "msg": "get_data", "asctime": "2025-07-17 17:39:04.849+00:00"}
{"level": "debug", "msg": "update_data", "asctime": "2025-07-17 17:39:05.849+00:00"}
{"level": "error", "msg": "update_data", "asctime": "2025-07-17 17:39:06.850+00:00"}
{"level": "debug", "msg": "update_data", "asctime": "2025-07-17 17:39:07.850+00:00"}
{"level": "debug", "msg": "update_data", "asctime": "2025-07-17 17:39:08.850+00:00"}
{"level": "warning", "msg": "get_data", "asctime": "2025-07-17 17:39:09.850+00:00"}
{"level": "warning", "msg": "set_data", "asctime": "2025-07-17 17:39:10.850+00:00"}
{"level": "error", "msg": "set_data", "asctime": "2025-07-17 17:39:11.851+00:00"}
{"level": "warning", "msg": "get_data", "asctime": "2025-07-17 17:39:12.851+00:00"}
{"level": "debug", "msg": "update_data", "asctime": "2025-07-17 17:39:13.851+00:00"}
{"level": "info", "msg": "set_data", "asctime": "2025-07-17 17:39:14.851+00:00"}
{"level": "warning", "msg": "update_data", "asctime": "2025-07-17 17:39:15.851+00:00"}
{"level": "error", "msg": "set_data", "asctime": "2025-07-17 17:39:16.852+00:00"}
{"level": "error", "msg": "set_data", "asctime": "2025-07-17 17:39:17.852+00:00"}
{"level": "warning", "msg": "update_data", "asctime": "2025-07-17 17:39:18.852+00:00"}
{"level": "error", "msg": "get_data", "asctime": "2025-07-17 17:39:19.852+00:00"}
{"level": "info", "msg": "set_data", "asctime": "2025-07-17 17:39:20.852+00:00"}
{"level": "info", "msg": "get_data", "asctime": "2025-07-17 17:39:21.853+00:00"}
{"level": "info", "msg": "update_data", "asctime": "2025-07-17 17:39:22.853+00:00"}
{"level": "warning", "msg": "update_data", "asctime": "2025-07-17 17:39:23.853+00:00"}
{"level": "debug", "msg": "set_data", "asctime": "2025-07-17 17:39:24.853+00:00"}
{"level": "info", "msg": "set_data", "asctime": "2025-07-17 17:39:25.853+00:00"}
{"level": "info", "msg": "set_data", "asctime": "2025-07-17 17:39:26.854+00:00"}
{"level": "error", "msg": "update_data", "asctime": "2025-07-17 17:39:27.854+00:00"}
{"level": "debug", "msg": "set_data", "asctime": "2025-07-17 17:39:28.854+00:00"}
{"level": "info", "msg": "set_data", "asctime": "2025-07-17 17:39:29.854+00:00"}
{"level": "error", "msg": "get_data", "asctime": "2025-07-17 17:39:30.854+00:00"}
{"level": "warning", "msg": "set_data", "asctime": "2025-07-17 17:39:31.854+00:00"}
{"level": "warning", "msg": "set_data", "asctime": "2025-07-17 17:39:32.855+00:00"}
{"level": "error", "msg": "set_data", "asctime": "2025-07-17 17:39:33.855+00:00"}
{"level": "warning", "msg": "update_data", "asctime": "2025-07-17 17:39:34.855+00:00"}
{"level": "info", "msg": "update_data", "asctime": "2025-07-17 17:39:35.855+00:00"}
{"level": "debug", "msg": "update_data", "asctime": "2025-07-17 17:39:36.855+00:00"}
{"level": "warning", "msg": "set_data", "asctime": "2025-07-17 17:39:37.856+00:00"}
{"level": "error", "msg": "get_data", "asctime": "2025-07-17 17:39:38.856+00:00"}
{"level": "info", "msg": "update_data", "asctime": "2025-07-17 17:39:39.856+00:00"}
{"level": "warning", "msg": "get_data", "asctime": "2025-07-17 17:39:40.856+00:00"}
{"level": "error", "msg": "get_data", "asctime": "2025-07-17 17:39:41.856+00:00"}
{"level": "info", "msg": "set_data", "asctime": "2025-07-17 17:39:42.857+00:00"}
{"level": "warning", "msg": "get_data", "asctime": "2025-07-17 17:39:43.857+00:00"}
{"level": "error", "msg": "get_data", "asctime": "2025-07-17 17:39:44.857+00:00"}
{"level": "warning", "msg": "set_data", "asctime": "2025-07-17 17:39:45.857+00:00"}
{"level": "info", "msg": "get_data", "asctime": "2025-07-17 17:39:46.857+00:00"}
{"level": "debug", "msg": "set_data", "asctime": "2025-07-17 17:39:47.858+00:00"}
{"level": "debug", "msg": "update_data", "asctime": "2025-07-17 17:39:48.858+00:00"}
{"level": "error", "msg": "update_data", "asctime": "2025-07-17 17:39:49.858+00:00"}
{"level": "info", "msg": "get_data", "asctime": "2025-07-17 17:39:50.858+00:00"}
{"level": "error", "msg": "set_data", "asctime": "2025-07-17 17:39:51.858+00:00"}
{"level": "warning", "msg": "get_data", "asctime": "2025-07-17 17:39:52.859+00:00"}
{"level": "debug", "msg": "set_data", "asctime": "2025-07-17 17:39:53.859+00:00"}
{"level": "debug", "msg": "set_data", "asctime": "2025-07-17 17:39:54.859+00:00"}
{"level": "debug", "msg": "update_data", "asctime": "2025-07-17 17:39:55.859+00:00"}
{"level": "info", "msg": "get_data", "asctime": "2025-07-17 17:39:56.859+00:00"}
{"level": "debug", "msg": "get_data", "asctime": "2025-07-17 17:39:57.860+00:00"}
{"level": "warning", "msg": "update_data", "asctime": "2026-10-02 18:13:07.379+00:00"}
{"level": "error", "msg": "update_data", "asctime": "2026-10-02 18:13:08.379+00:00"}
{"level": "info", "msg": "get_data", "asctime": "2026-10-02 18:13:09.380+00:00"}
{"level": "error", "msg": "update_data", "asctime": "2026-10-02 18:13:10.380+00:00"}
{"level": "debug", "msg": "set_data", "asctime": "2026-10-02 18:13:11.380+00:00"}
{"level": "warning", "msg": "update_data", "asctime": "2026-10-02 18:13:12.381+00:00"}
{"level": "warning", "msg": "set_data", "asctime": "2026-10-02 18:13:13.384+00:00"}
{"level": "error", "msg": "update_data", "asctime": "2026-10-02 18:13:14.385+00:00"}
{"level": "info", "msg": "set_data", "asctime": "2026-10-02 18:13:15.385+00:00"}
{"level": "warning", "msg": "get_data", "asctime": "2026-10-02 18:13:16.386+00:00"}
{"level": "debug", "msg": "get_data", "asctime": "2026-10-02 18:13:17.386+00:00"}
{"level": "warning", "msg": "set_data", "asctime": "2026-10-02 18:13:18.386+00:00"}
{"level": "warning", "msg": "get_data", "asctime": "2026-10-02 18:13:19.387+00:00"}
{"level": "error", "msg": "update_data", "asctime": "2026-10-02 18:13:20.387+00:00"}
{"level": "debug", "msg": "get_data", "asctime": "2026-10-02 18:13:21.388+00:00"}
{"level": "error", "msg": "get_data", "asctime": "2026-10-02 18:13:22.389+00:00"}
{"level": "info", "msg": "set_data", "asctime": "2026-10-02 18:13:23.389+00:00"}
{"level": "error", "msg": "get_data", "asctime": "2026-10-02 18:13:24.390+00:00"}
{"level": "warning", "msg": "set_data", "asctime": "2026-10-02 18:13:25.391+00:00"}
{"level": "info", "msg": "update_data", "asctime": "2026-10-02 18:13:26.392+00:00"}
{"level": "error", "msg": "update_data", "asctime": "2026-10-02 18:13:27.392+00:00"}
{"level": "warning", "msg": "get_data", "asctime": "2026-10-02 18:13:28.393+00:00"}
{"level": "info", "msg": "get_data", "asctime": "2026-10-02 18:13:29.394+00:00"}
{"level": "info", "msg": "get_data", "asctime": "2026-10-02 18:13:30.397+00:00"}
{"level": "error", "msg": "get_data", "asctime": "2026-10-02 18:13:31.399+00:00"}
{"level": "debug", "msg": "update_data", "asctime": "2026-10-02 18:13:32.400+00:00"}
{"level": "debug", "msg": "set_data", "asctime": "2026-10-02 18:13:33.400+00:00"}
{"level": "warning", "msg": "get_data", "asctime": "2026-10-02 18:13:34.400+00:00"}
{"level": "warning", "msg": "update_data", "asctime": "2026-10-02 18:13:35.401+00:00"}
{"level": "info", "msg": "update_data", "asctime": "2026-10-02 18:13:36.401+00:00"}
{"level": "error", "msg": "get_data", "asctime": "2026-10-02 18:13:37.402+00:00"}
{"level": "info", "msg": "set_data", "asctime": "2026-10-02 18:13:38.402+00:00"}
{"level": "error", "msg": "update_data", "asctime": "2026-10-02 18:13:39.403+00:00"}
{"level": "warning", "msg": "update_data", "asctime": "2026-10-02 18:13:40.403+00:00"}
{"level": "error", "msg": "set_data", "asctime": "2026-10-02 18:13:41.404+00:00"}
{"level": "error", "msg": "get_data", "asctime": "2026-10-02 18:13:42.404+00:00"}
{"level": "debug", "msg": "set_data", "asctime": "2026-10-02 18:13:43.404+00:00"}
{"level": "info", "msg": "update_data", "asctime": "2026-10-02 18:13:44.405+00:00"}
{"level": "error", "msg": "get_data", "asctime": "2026-10-02 18:13:45.405+00:00"}
{"level": "warning", "msg": "get_data", "asctime": "2026-10-02 18:13:46.405+00:00"}
{"level": "info", "msg": "update_data", "asctime": "2026-10-02 18:13:47.406+00:00"}
{"level": "warning", "msg": "update_data", "asctime": "2026-10-02 18:13:48.406+00:00"}
{"level": "warning", "msg": "set_data", "asctime": "2026-10-02 18:13:49.407+00:00"}
{"level": "debug", "msg": "update_data", "asctime": "2026-10-02 18:13:50.407+00:00"}
{"level": "debug", "msg": "update_data", "asctime": "2026-10-02 18:13:51.408+00:00"}
{"level": "warning", "msg": "get_data", "asctime": "2026-10-02 18:13:52.408+00:00"}
{"level": "info", "msg": "set_data", "asctime": "2026-10-02 18:13:53.409+00:00"}
{"level": "warning", "msg": "get_data", "asctime": "2026-10-02 18:13:54.409+00:00"}
{"level": "debug", "msg": "update_data", "asctime": "2026-10-02 18:13:55.409+00:00"}
{"level": "warning", "msg": "get_data", "asctime": "2026-10-02 18:13:56.410+00:00"}
{"level": "debug", "msg": "get_data", "asctime": "2026-10-02 18:13:57.410+00:00"}
{"level": "error", "msg": "set_data", "asctime": "2026-10-02 18:13:58.411+00:00"}
{"level": "info", "msg": "update_data", "asctime": "2026-10-02 18:13:59.411+00:00"}
{"level": "warning", "msg": "update_data", "asctime": "2026-10-02 18:14:00.411+00:00"}
{"level": "debug", "msg": "update_data", "asctime": "2026-10-02 18:14:01.412+00:00"}
{"level": "warning", "msg": "set_data", "asctime": "2026-10-02 18:14:02.412+00:00"}
{"level": "info", "msg": "update_data", "asctime": "2026-10-02 18:14:03.413+00:00"}
{"level": "info", "msg": "get_data", "asctime": "2026-10-02 18:14:04.413+00:00"}
{"level": "info", "msg": "get_data", "asctime": "2026-10-02 18:14:05.413+00:00"}
{"level": "debug", "msg": "set_data", "asctime": "2026-10-02 18:14:06.414+00:00"}
{"level": "info", "msg": "update_data", "asctime": "2026-10-02 18:14:07.414+00:00"}
{"level": "error", "msg": "update_data", "asctime": "2026-10-02 18:14:08.415+00:00"}
{"level": "error", "msg": "set_data", "asctime": "2026-10-02 18:14:09.415+00:00"}
{"level": "info", "msg": "set_data", "asctime": "2026-10-02 18:14:10.416+00:00"}
{"level": "debug", "msg": "set_data", "asctime": "2026-10-02 18:14:11.416+00:00"}
{"level": "warning", "msg": "set_data", "asctime": "2026-10-02 18:14:12.416+00:00"}
{"level": "warning", "msg": "update_data", "asctime": "2026-10-02 18:14:13.417+00:00"}
{"level": "debug", "msg": "update_data", "asctime": "2026-10-02 18:14:14.417+00:00"}
{"level": "debug", "msg": "get_data", "asctime": "2026-10-02 18:14:15.418+00:00"}
{"level": "warning", "msg": "get_data", "asctime": "2026-10-02 18:14:16.418+00:00"}
{"level": "info", "msg": "get_data", "asctime": "2026-10-02 18:14:17.418+00:00"}
{"level": "info", "msg": "update_data", "asctime": "2026-10-02 18:14:18.419+00:00"}
{"level": "warning", "msg": "get_data", "asctime": "2026-10-02 18:14:19.419+00:00"}
{"level": "warning", "msg": "get_data", "asctime": "2026-10-02 18:14:20.420+00:00"}
{"level": "warning", "msg": "get_data", "asctime": "2026-10-02 18:14:21.420+00:00"}
{"level": "info", "msg": "update_data", "asctime": "2026-10-02 18:14:22.420+00:00"}
{"level": "info", "msg": "set_data", "asctime": "2026-10-02 18:14:23.421+00:00"}
{"level": "debug", "msg": "update_data", "asctime": "2026-10-02 18:14:24.421+00:00"}
{"level": "error", "msg": "set_data", "asctime": "2026-10-02 18:14:25.422+00:00"}
{"level": "info", "msg": "set_data", "asctime": "2026-10-02 18:14:26.422+00:00"}
{"level": "error", "msg": "get_data", "asctime": "2026-10-02 18:14:27.423+00:00"}
{"level": "debug", "msg": "set_data", "asctime": "2026-10-02 18:14:28.423+00:00"}
{"level": "info", "msg": "update_data", "asctime": "2026-10-02 18:14:29.424+00:00"}
{"level": "error", "msg": "get_data", "asctime": "2026-10-02 18:14:30.424+00:00"}
{"level": "debug", "msg": "get_data", "asctime": "2026-10-02 18:14:31.425+00:00"}
{"level": "warning", "msg": "update_data", "asctime": "2026-10-02 18:14:32.425+00:00"}
{"level": "info", "msg": "update_data", "asctime": "2026-10-02 18:14:33.425+00:00"}
{"level": "warning", "msg": "get_data", "asctime": "2026-10-02 18:14:34.426+00:00"}
{"level": "debug", "msg": "set_data", "asctime": "2026-10-02 18:14:35.426+00:00"}
{"level": "info", "msg": "update_data", "asctime": "2026-10-02 18:14:36.427+00:00"}
{"level": "debug", "msg": "set_data", "asctime": "2026-10-02 18:14:37.427+00:00"}
{"level": "info", "msg": "get_data", "asctime": "2026-10-02 18:14:38.427+00:00"}
{"level": "info", "msg": "update_data", "asctime": "2026-10-02 18:14:39.428+00:00"}
{"level": "warning", "msg": "set_data", "asctime": "2026-10-02 18:14:40.430+00:00"}
{"level": "error", "msg": "set_data", "asctime": "2026-10-02 18:14:41.430+00:00"}
{"level": "warning", "msg": "update_data", "asctime": "2026-10-02 18:14:42.431+00:00"}
{"level": "warning", "msg": "get_data", "asctime": "2026-10-02 18:14:43.431+00:00"}
{"level": "debug", "msg": "update_data", "asctime": "2026-10-02 18:14:44.432+00:00"}
{"level": "error", "msg": "update_data", "asctime": "2026-10-02 18:14:45.432+00:00"}
{"level": "info", "msg": "update_data", "asctime": "2026-10-02 18:14:46.433+00:00"}
{"level": "info", "msg": "get_data", "asctime": "2026-10-02 18:14:47.433+00:00"}
{"level": "warning", "msg": "update_data", "asctime": "2026-10-02 18:14:48.433+00:00"}
{"level": "info", "msg": "set_data", "asctime": "2026-10-02 18:14:49.434+00:00"}
{"level": "error", "msg": "get_data", "asctime": "2026-10-02 18:14:50.434+00:00"}
{"level": "debug", "msg": "get_data", "asctime": "2026-10-02 18:14:51.435+00:00"}
{"level": "warning", "msg": "set_data", "asctime": "2026-10-02 18:14:52.435+00:00"}
{"level": "error", "msg": "update_data", "asctime": "2026-10-02 18:14:53.435+00:00"}
{"level": "debug", "msg": "set_data", "asctime": "2026-10-02 18:14:54.436+00:00"}
{"level": "warning", "msg": "get_data", "asctime": "2026-10-02 18:14:55.436+00:00"}
{"level": "debug", "msg": "set_data", "asctime": "2026-10-02 18:14:56.437+00:00"}
{"level": "debug", "msg": "update_data", "asctime": "2026-10-02 18:14:57.437+00:00"}
{"level": "debug", "msg": "set_data", "asctime": "2026-10-02 18:14:58.438+00:00"}
{"level": "error", "msg": "get_data", "asctime": "2026-10-02 18:14:59.438+00:00"}
{"level": "warning", "msg": "get_data", "asctime": "2026-10-02 18:15:00.439+00:00"}
{"level": "debug", "msg": "update_data", "asctime": "2026-10-02 18:15:01.439+00:00"}
{"level": "error", "msg": "set_data", "asctime": "2026-10-02 18:15:02.439+00:00"}
{"level": "error", "msg": "get_data", "asctime": "2026-10-02 18:15:03.440+00:00"}
{"level": "info", "msg": "set_data", "asctime": "2026-10-02 18:15:04.440+00:00"}
{"level": "debug", "msg": "get_data", "asctime": "2026-10-02 18:15:05.441+00:00"}
{"level": "warning", "msg": "update_data", "asctime": "2026-10-02 18:15:06.441+00:00"}
{"level": "error", "msg": "set_data", "asctime": "2026-10-02 18:15:07.441+00:00"}
{"level": "error", "msg": "set_data", "asctime": "2026-10-02 18:15:08.442+00:00"}
{"level": "debug", "msg": "update_data", "asctime": "2026-10-02 18:15:09.442+00:00"}
{"level": "warning", "msg": "set_data", "asctime": "2026-10-02 18:15:10.443+00:00"}
{"level": "debug", "msg": "get_data", "asctime": "2026-10-02 18:15:11.443+00:00"}
{"level": "debug", "msg": "update_data", "asctime": "2026-10-02 18:15:12.443+00:00"}
{"level": "debug", "msg": "update_data", "asctime": "2026-10-02 18:15:13.444+00:00"}
{"level": "error", "msg": "set_data", "asctime": "2026-10-02 18:15:14.444+00:00"}
{"level": "debug", "msg": "update_data", "asctime": "2026-10-02 18:15:15.445+00:00"}
{"level": "debug", "msg": "set_data", "asctime": "2026-10-02 18:15:16.445+00:00"}
{"level": "error", "msg": "update_data", "asctime": "2026-10-02 18:15:17.446+00:00"}
{"level": "debug", "msg": "update_data", "asctime": "2026-10-02 18:15:18.446+00:00"}
{"level": "error", "msg": "get_data", "asctime": "2026-10-02 18:15:19.447+00:00"}
{"level": "info", "msg": "update_data", "asctime": "2026-10-02 18:15:20.447+00:00"}
{"level": "warning", "msg": "get_data", "asctime": "2026-10-02 18:15:21.447+00:00"}
{"level": "warning", "msg": "set_data", "asctime": "2026-10-02 18:15:22.448+00:00"}
{"level": "debug", "msg": "get_data", "asctime": "2026-10-02 18:15:23.448+00:00"}
{"level": "info", "msg": "set_data", "asctime": "2026-10-02 18:15:24.449+00:00"}
{"level": "debug", "msg": "update_data", "asctime": "2026-10-02 18:15:25.449+00:00"}
{"level": "info", "msg": "update_data", "asctime": "2026-10-02 18:15:26.450+00:00"}
{"level": "error", "msg": "get_data", "asctime": "2026-10-02 18:15:27.450+00:00"}
{"level": "warning", "msg": "set_data", "asctime": "2026-10-02 18:15:28.450+00:00"}
{"level": "info", "msg": "set_data", "asctime": "2026-10-02 18:15:29.451+00:00"}
{"level": "info", "msg": "update_data", "asctime": "2026-10-02 18:15:30.451+00:00"}
{"level": "info", "msg": "get_data", "asctime": "2026-10-02 18:15:31.452+00:00"}
{"level": "error", "msg": "update_data", "asctime": "2026-10-02 18:15:32.452+00:00"}
{"level": "debug", "msg": "set_data", "asctime": "2026-10-02 18:15:33.452+00:00"}
{"level": "info", "msg": "update_data", "asctime": "2026-10-02 18:15:34.453+00:00"}
{"level": "info", "msg": "update_data", "asctime": "2026-10-02 18:15:35.453+00:00"}
{"level": "info", "msg": "set_data", "asctime": "2026-10-02 18:15:36.454+00:00"}
{"level": "info", "msg": "set_data", "asctime": "2026-10-02 18:15:37.454+00:00"}
{"level": "warning", "msg": "get_data", "asctime": "2026-10-02 18:15:38.455+00:00"}
{"level": "error", "msg": "set_data", "asctime": "2026-10-02 18:15:39.455+00:00"}
{"level": "info", "msg": "update_data", "asctime": "2026-10-02 18:15:40.456+00:00"}
{"level": "info", "msg": "update_data", "asctime": "2026-10-02 18:15:41.456+00:00"}
{"level": "debug", "msg": "set_data", "asctime": "2026-10-02 18:15:42.456+00:00"}
{"level": "info", "msg": "get_data", "asctime": "2026-10-02 18:15:43.457+00:00"}
{"level": "info", "msg": "set_data", "asctime": "2026-10-02 18:15:44.457+00:00"}
{"level": "info", "msg": "set_data", "asctime": "2026-10-02 18:15:45.458+00:00"}
{"level": "debug", "msg": "set_data", "asctime": "2026-10-02 18:15:46.458+00:00"}
{"level": "info", "msg": "set_data", "asctime": "2026-10-02 18:15:47.459+00:00"}
{"level": "warning", "msg": "get_data", "asctime": "2026-10-02 18:15:48.459+00:00"}
{"level": "debug", "msg": "get_data", "asctime": "2026-10-02 18:15:49.459+00:00"}
{"level": "debug", "msg": "update_data", "asctime": "2026-10-02 18:15:50.460+00:00"}
{"level": "warning", "msg": "set_data", "asctime": "2026-10-02 18:15:51.460+00:00"}
{"level": "debug", "msg": "update_data", "asctime": "2026-10-02 18:15:52.461+00:00"}
{"level": "debug", "msg": "update_data", "asctime": "2026-10-02 18:15:53.461+00:00"}
{"level": "info", "msg": "set_data", "asctime": "2026-10-02 18:15:54.461+00:00"}
{"level": "info", "msg": "set_data", "asctime": "2026-10-02 18:15:55.462+00:00"}
{"level": "error", "msg": "set_data", "asctime": "2026-10-02 18:15:56.462+00:00"}
{"level": "warning", "msg": "update_data", "asctime": "2026-10-02 18:15:57.463+00:00"}
{"level": "error", "msg": "set_data", "asctime": "2026-10-02 18:15:58.463+00:00"}
{"level": "debug", "msg": "set_data", "asctime": "2026-10-02 18:15:59.464+00:00"}
{"level": "warning", "msg": "update_data", "asctime": "2026-10-02 18:16:00.464+00:00"}
{"level": "info", "msg": "get_data", "asctime": "2026-10-02 18:16:01.465+00:00"}
{"level": "info", "msg": "update_data", "asctime": "2026-10-02 18:16:02.465+00:00"}
{"level": "error", "msg": "update_data", "asctime": "2026-10-02 18:16:03.466+00:00"}
{"level": "warning", "msg": "update_data", "asctime": "2026-10-02 18:16:04.466+00:00"}
{"level": "error", "msg": "get_data", "asctime": "2026-10-02 18:16:05.467+00:00"}
{"level": "warning", "msg": "set_data", "asctime": "2026-10-02 18:16:06.467+00:00"}
{"level": "debug", "msg": "set_data", "asctime": "2026-10-02 18:16:07.467+00:00"}
{"level": "debug", "msg": "update_data", "asctime": "2026-10-02 18:16:08.468+00:00"}
{"level": "error", "msg": "get_data", "asctime": "2026-10-02 18:16:09.469+00:00"}
{"level": "info", "msg": "set_data", "asctime": "2026-10-02 18:16:10.469+00:00"}
{"level": "error", "msg": "set_data", "asctime": "2026-10-02 18:16:11.470+00:00"}
{"level": "debug", "msg": "get_data", "asctime": "2026-10-02 18:16:12.470+00:00"}
{"level": "warning", "msg": "set_data", "asctime": "2026-10-02 18:16:13.470+00:00"}
{"level": "error", "msg": "update_data", "asctime": "2026-10-02 18:16:14.471+00:00"}
{"level": "info", "msg": "get_data", "asctime": "2026-10-02 18:16:15.471+00:00"}
{"level": "info", "msg": "get_data", "asctime": "2026-10-02 18:16:16.472+00:00"}
{"level": "debug", "msg": "get_data", "asctime": "2026-10-02 18:16:17.472+00:00"}
{"level": "warning", "msg": "update_data", "asctime": "2026-10-02 18:16:18.472+00:00"}
{"level": "debug", "msg": "get_data", "asctime": "2026-10-02 18:16:19.473+00:00"}
{"level": "error", "msg": "get_data", "asctime": "2026-10-02 18:16:20.473+00:00"}
{"level": "debug", "msg": "set_data", "asctime": "2026-10-02 18:16:21.474+00:00"}
{"level": "debug", "msg": "get_data", "asctime": "2026-10-02 18:16:22.474+00:00"}
{"level": "warning", "msg": "set_data", "asctime": "2026-10-02 18:16:23.474+00:00"}
{"level": "error", "msg": "update_data", "asctime": "2026-10-02 18:16:24.475+00:00"}
{"level": "info", "msg": "get_data", "asctime": "2026-10-02 18:16:25.475+00:00"}
{"level": "error", "msg": "set_data", "asctime": "2026-10-02 18:16:26.476+00:00"}
{"level": "debug", "msg": "set_data", "asctime": "2026-10-02 18:16:27.476+00:00"}
{"level": "warning", "msg": "update_data", "asctime": "2026-10-02 18:16:28.476+00:00"}
{"level": "error", "msg": "get_data", "asctime": "2026-10-02 18:16:29.477+00:00"}
{"level": "debug", "msg": "get_data", "asctime": "2026-10-02 18:16:30.477+00:00"}
{"level": "debug", "msg": "get_data", "asctime": "2026-10-02 18:16:31.477+00:00"}
{"level": "error", "msg": "set_data", "asctime": "2026-10-02 18:16:32.478+00:00"}
{"level": "debug", "msg": "get_data", "asctime": "2026-10-02 18:16:33.478+00:00"}
{"level": "warning", "msg": "update_data", "asctime": "2026-10-02 18:16:34.479+00:00"}
{"level": "warning", "msg": "get_data", "asctime": "2026-10-02 18:16:35.479+00:00"}
{"level": "debug", "msg": "update_data", "asctime": "2026-10-02 18:16:36.479+00:00"}
{"level": "info", "msg": "get_data", "asctime": "2026-10-02 18:16:37.480+00:00"}
{"level": "debug", "msg": "get_data", "asctime": "2026-10-02 18:16:38.480+00:00"}
{"level": "debug", "msg": "set_data", "asctime": "2026-10-02 18:16:39.481+00:00"}
{"level": "debug", "msg": "set_data", "asctime": "2026-10-02 18:16:40.481+00:00"}
{"level": "warning", "msg": "update_data", "asctime": "2026-10-02 18:16:41.481+00:00"}
{"level": "info", "msg": "set_data", "asctime": "2026-10-02 18:16:42.482+00:00"}
{"level": "error", "msg": "update_data", "asctime": "2026-10-02 18:16:43.482+00:00"}
{"level": "warning", "msg": "set_data", "asctime": "2026-10-02 18:16:44.483+00:00"}
{"level": "error", "msg": "get_data", "asctime": "2026-10-02 18:16:45.483+00:00"}
{"level": "info", "msg": "set_data", "asctime": "2026-10-02 18:16:46.483+00:00"}
{"level": "debug", "msg": "update_data", "asctime": "2026-10-02 18:16:47.484+00:00"}
{"level": "debug", "msg": "update_data", "asctime": "2026-10-02 18:16:48.484+00:00"}
{"level": "debug", "msg": "set_data", "asctime": "2026-10-02 18:16:49.485+00:00"}
{"level": "warning", "msg": "set_data", "asctime": "2026-10-02 18:16:50.485+00:00"}
{"level": "warning", "msg": "update_data", "asctime": "2026-10-02 18:16:51.485+00:00"}
{"level": "warning", "msg": "set_data", "asctime": "2026-10-02 18:16:52.486+00:00"}
{"level": "warning", "msg": "set_data", "asctime": "2026-10-02 18:16:53.486+00:00"}
{"level": "debug", "msg": "set_data", "asctime": "2026-10-02 18:16:54.487+00:00"}
{"level": "warning", "msg": "update_data", "asctime": "2026-10-02 18:16:55.487+00:00"}
{"level": "warning", "msg": "update_data", "asctime": "2026-10-02 18:16:56.488+00:00"}
{"level": "debug", "msg": "get_data", "asctime": "2026-10-02 18:16:57.488+00:00"}
{"level": "debug", "msg": "get_data", "asctime": "2026-10-02 18:16:58.488+00:00"}
{"level": "info", "msg": "set_data", "asctime": "2026-10-02 18:16:59.489+00:00"}
{"level": "error", "msg": "get_data", "asctime": "2026-10-02 18:17:00.489+00:00"}
{"level": "error", "msg": "update_data", "asctime": "2026-10-02 18:17:01.490+00:00"}
{"level": "info", "msg": "update_data", "asctime": "2026-10-02 18:17:02.490+00:00"}
{"level": "warning", "msg": "update_data", "asctime": "2026-10-02 18:17:03.490+00:00"}
{"level": "debug", "msg": "get_data", "asctime": "2026-10-02 18:17:04.491+00:00"}
{"level": "debug", "msg": "get_data", "asctime": "2026-10-02 18:17:05.491+00:00"}
{"level": "info", "msg": "set_data", "asctime": "2026-10-02 18:17:06.492+00:00"}
{"level": "error", "msg": "set_data", "asctime": "2026-10-02 18:17:07.492+00:00"}
{"level": "error", "msg": "get_data", "asctime": "2026-10-02 18:17:08.492+00:00"}
{"level": "info", "msg": "get_data", "asctime": "2026-10-02 18:17:09.493+00:00"}
{"level": "info", "msg": "update_data", "asctime": "2026-10-02 18:17:10.493+00:00"}
{"level": "warning", "msg": "get_data", "asctime": "2026-10-02 18:17:11.494+00:00"}
{"level": "debug", "msg": "update_data", "asctime": "2026-10-02 18:17:12.494+00:00"}
{"level": "error", "msg": "update_data", "asctime": "2026-10-02 18:17:13.495+00:00"}
{"level": "info", "msg": "set_data", "asctime": "2026-10-02 18:17:14.495+00:00"}
{"level": "info", "msg": "get_data", "asctime": "2026-10-02 18:17:15.495+00:00"}
{"level": "info", "msg": "set_data", "asctime": "2026-10-02 18:17:16.496+00:00"}
{"level": "warning", "msg": "get_data", "asctime": "2026-10-02 18:17:17.496+00:00"}
{"level": "warning", "msg": "update_data", "asctime": "2026-10-02 18:17:18.496+00:00"}
{"level": "debug", "msg": "set_data", "asctime": "2026-10-02 18:17:19.497+00:00"}
{"level": "error", "msg": "set_data", "asctime": "2026-10-02 18:17:20.497+00:00"}
{"level": "debug", "msg": "update_data", "asctime": "2026-10-02 18:17:21.498+00:00"}
{"level": "debug", "msg": "set_data", "asctime": "2026-10-02 18:17:22.498+00:00"}
{"level": "info", "msg": "set_data", "asctime": "2026-10-02 18:17:23.499+00:00"}
{"level": "warning", "msg": "update_data", "asctime": "2026-10-02 18:17:24.499+00:00"}
{"level": "warning", "msg": "update_data", "asctime": "2026-10-02 18:17:25.500+00:00"}
{"level": "debug", "msg": "update_data", "asctime": "2026-10-02 18:17:26.500+00:00"}
{"level": "error", "msg": "get_data", "asctime": "2026-10-02 18:17:27.501+00:00"}
{"level": "debug", "msg": "update_data", "asctime": "2026-10-02 18:17:28.501+00:00"}
{"level": "debug", "msg": "set_data", "asctime": "2026-10-02 18:17:29.502+00:00"}
{"level": "info", "msg": "update_data", "asctime": "2026-10-02 18:17:30.502+00:00"}
{"level": "debug", "msg": "get_data", "asctime": "2026-10-02 18:17:31.503+00:00"}
{"level": "error", "msg": "get_data", "asctime": "2026-10-02 18:17:32.503+00:00"}
{"level": "warning", "msg": "update_data", "asctime": "2026-10-02 18:17:33.504+00:00"}
{"level": "info", "msg": "set_data", "asctime": "2026-10-02 18:17:34.504+00:00"}
{"level": "error", "msg": "set_data", "asctime": "2026-10-02 18:17:35.504+00:00"}
{"level": "info", "msg": "update_data", "asctime": "2026-10-02 18:17:36.505+00:00"}
{"level": "warning", "msg": "set_data", "asctime": "2026-10-02 18:17:37.505+00:00"}
{"level": "warning", "msg": "set_data", "asctime": "2026-10-02 18:17:38.506+00:00"}
{"level": "info", "msg": "update_data", "asctime": "2026-10-02 18:17:39.506+00:00"}
{"level": "debug", "msg": "set_data", "asctime": "2026-10-02 18:17:40.506+00:00"}
{"level": "error", "msg": "set_data", "asctime": "2026-10-02 18:17:41.507+00:00"}
{"level": "error", "msg": "set_data", "asctime": "2026-10-02 18:17:42.507+00:00"}
